[www.lithoguru.com/index.html]
[backblue.gif]
[fade.gif]
[index.html]
[www.lithoguru.com/lithoguru.ico]
[www.lithoguru.com/images/gentleman_and_scientist.gif]
[www.lithoguru.com/images/h-gentleman.gif]
[www.lithoguru.com/scientist/index.html]
[www.lithoguru.com/gentleman/intellect.html]
[www.lithoguru.com/gentleman/index.html]
[www.lithoguru.com/gentleman/writing.html]
[www.lithoguru.com/gentleman/data.html]
[www.lithoguru.com/gentleman/history.html]
[www.lithoguru.com/gentleman/phil.html]
[www.lithoguru.com/gentleman/quotes.html]
[www.lithoguru.com/scientist/science-writing.html]
[www.lithoguru.com/scientist/onlinecourses.html]
[www.lithoguru.com/gentleman/personal.html]
[www.lithoguru.com/gentleman/family.html]
[www.lithoguru.com/images/h-scientist.gif]
[www.lithoguru.com/scientist/litho.html]
[www.lithoguru.com/scientist/lithobasics.html]
[www.lithoguru.com/scientist/glossary/index.html]
[www.lithoguru.com/scientist/lithohistory.html]
[www.lithoguru.com/scientist/essays.html]
[www.lithoguru.com/scientist/conferences.html]
[www.lithoguru.com/scientist/litholite.html]
[www.lithoguru.com/scientist/publish.html]
[www.lithoguru.com/scientist/books.html]
[www.lithoguru.com/scientist/papers.html]
[www.lithoguru.com/scientist/papers-favorites.html]
[www.lithoguru.com/scientist/papers-recent.html]
[www.lithoguru.com/scientist/papers-LER.html]
[www.lithoguru.com/scientist/tutor.html]
[www.lithoguru.com/scientist/profit.html]
[www.lithoguru.com/scientist/consult.html]
[www.lithoguru.com/scientist/training.html]
[www.lithoguru.com/scientist/expert.html]
[www.lithoguru.com/scientist/about.html]
[www.lithoguru.com/images/cmack2.gif]
[www.lithoguru.com/index.html]
[www.lithoguru.com/css/frontpage.css]
[www.lithoguru.com/css/navi.css]
[www.lithoguru.com/fractilia/index.html]
[www.lithoguru.com/images/business.gif]
[www.lithoguru.com/ssi/navMenu.js]
[www.lithoguru.com/gentleman/index.html]
[www.lithoguru.com/images/chris_scientist.gif]
[www.lithoguru.com/scientist/bio.html]
[www.lithoguru.com/scientist/resume.html]
[www.lithoguru.com/contact.html]
[www.lithoguru.com/gentleman/philosophy/science_definition.html]
[www.lithoguru.com/images/Fundamental_Principles.jpg]
[www.lithoguru.com/textbook/index.html]
[www.lithoguru.com/images/field-guide.gif]
[www.lithoguru.com/scientist/index.html]
[www.lithoguru.com/gentleman/intellect.html]
[www.lithoguru.com/images/politics2.gif]
[www.lithoguru.com/images/strong chris.jpg]
[www.lithoguru.com/gentleman/essays/Douglass.html]
[www.lithoguru.com/gentleman/essays/SnowCrash.html]
[www.lithoguru.com/gentleman/essays/Paradise.html]
[www.lithoguru.com/gentleman/essays/SunsetLimited.html]
[www.lithoguru.com/gentleman/essays/WoundedKnee.html]
[www.lithoguru.com/gentleman/essays/PlotAgainstAmerica.html]
[www.lithoguru.com/gentleman/essays/gamay.html]
[www.lithoguru.com/gentleman/essays/Gilgamesh.html]
[www.lithoguru.com/gentleman/essays/Native_Son.html]
[www.lithoguru.com/gentleman/essays/Barracoon.html]
[www.lithoguru.com/gentleman/essays/Perfume.html]
[www.lithoguru.com/gentleman/essays/InColdBlood.html]
[www.lithoguru.com/gentleman/essays/Koestler.html]
[www.lithoguru.com/gentleman/essays/passion.html]
[www.lithoguru.com/gentleman/essays/Ulysses.html]
[www.lithoguru.com/gentleman/essays/Camus.html]
[www.lithoguru.com/gentleman/essays/Hesse.html]
[www.lithoguru.com/gentleman/philosophy/belief.html]
[www.lithoguru.com/gentleman/philosophy/antirealism.html]
[www.lithoguru.com/gentleman/essays/social_security.html]
[www.lithoguru.com/gentleman/essays/libertarian.html]
[www.lithoguru.com/gentleman/essays/genocide.html]
[www.lithoguru.com/gentleman/philosophy/science_puzzle.html]
[www.lithoguru.com/gentleman/essays/defining_torture.html]
[www.lithoguru.com/gentleman/essays/writing.html]
[www.lithoguru.com/gentleman/essays/torture.html]
[www.lithoguru.com/gentleman/essays/survivor.html]
[www.lithoguru.com/gentleman/writing.html]
[www.lithoguru.com/gentleman/data/inflation.html]
[www.lithoguru.com/gentleman/data/inflation.xls]
[www.lithoguru.com/gentleman/data/population.html]
[www.lithoguru.com/gentleman/data/population.xls]
[www.lithoguru.com/gentleman/data/GDP.html]
[www.lithoguru.com/gentleman/data/GDP.xls]
[www.lithoguru.com/gentleman/data.html]
[www.lithoguru.com/images/optics.gif]
[www.lithoguru.com/gentleman/optics/eight_good_men.html]
[www.lithoguru.com/gentleman/history.html]
[www.lithoguru.com/images/white-paper-1.gif]
[www.lithoguru.com/gentleman/phil.html]
[www.lithoguru.com/images/quotes.gif]
[www.lithoguru.com/gentleman/quotes.html]
[www.lithoguru.com/images/litho.gif]
[www.lithoguru.com/images/How to write a good scientific paper cover.jpg]
[www.lithoguru.com/scientist/glossary/index-2.html]
[www.lithoguru.com/scientist/litho_papers/How to write a good scientific paper - Chris Mack.pdf]
[www.lithoguru.com/scientist/litho_papers/JM3 Editorial 2015 q1_History.pdf]
[www.lithoguru.com/scientist/litho_papers/JM3 editorial 2012 q2_Title and Abstract.pdf]
[www.lithoguru.com/scientist/litho_papers/JM3 editorial 2012 q3_Citations.pdf]
[www.lithoguru.com/scientist/litho_papers/JM3 editorial 2012 q4_Acronyms.pdf]
[www.lithoguru.com/scientist/litho_papers/JM3 editorial 2013 q1_Authorship.pdf]
[www.lithoguru.com/scientist/litho_papers/JM3 editorial 2013 q2_Cover Letter.pdf]
[www.lithoguru.com/scientist/litho_papers/JM3 editorial 2013 q4_Figures part1.pdf]
[www.lithoguru.com/scientist/litho_papers/JM3 editorial 2014 q1_Figures part2.pdf]
[www.lithoguru.com/scientist/litho_papers/JM3 editorial 2014 q2_Significance.pdf]
[www.lithoguru.com/scientist/litho_papers/JM3 Editorial 2014 q3_Null Result.pdf]
[www.lithoguru.com/scientist/litho_papers/JM3 Editorial 2014 q4_Structure.pdf]
[www.lithoguru.com/scientist/litho_papers/JM3 Editorial 2015 q2_Checklist.pdf]
[www.lithoguru.com/scientist/litho_papers/JM3 Editorial 2015 q3_Review Process.pdf]
[www.lithoguru.com/scientist/litho_papers/JM3 Editorial 2015 q4_Which journal.pdf]
[www.lithoguru.com/scientist/litho_papers/JM3 Editorial 2016 q2_Review papers.pdf]
[www.lithoguru.com/scientist/litho_papers/JM3 Editorial 2016 q3_Style.pdf]
[www.lithoguru.com/scientist/litho_papers/JM3 Editorial 2016 q4_Plagiarism.pdf]
[www.lithoguru.com/scientist/litho_papers/JM3 Editorial 2017 q2_Double Publication.pdf]
[www.lithoguru.com/scientist/litho_papers/JM3 Editorial 2017 q3_Editorial Ethics.pdf]
[www.lithoguru.com/scientist/litho_papers/JM3 Editorial 2017 q4_Why Write a Paper.pdf]
[www.lithoguru.com/scientist/litho_papers/JM3 Editorial 2018 q1_Author Resposibilities.pdf]
[www.lithoguru.com/scientist/science-writing.html]
[www.lithoguru.com/images/training.gif]
[www.lithoguru.com/scientist/statistics/review.html]
[www.lithoguru.com/scientist/onlinecourses.html]
[www.lithoguru.com/scientist/CHE323/index.html]
[www.lithoguru.com/scientist/statistics/index.html]
[www.lithoguru.com/images/family.gif]
[www.lithoguru.com/images/Jimmy George Self Portrait.jpg]
[www.lithoguru.com/gentleman/personal.html]
[www.lithoguru.com/marymackart/index.html]
[www.lithoguru.com/images/HighResPhotos/Chris in Paradise 6-2001.jpg]
[www.lithoguru.com/images/Photos/Chris in Paradise 6-2001.jpg]
[www.lithoguru.com/images/HighResPhotos/Loch Ness Scotland 6-2001.jpg]
[www.lithoguru.com/images/Photos/Loch Ness Scotland 6-2001.jpg]
[www.lithoguru.com/images/HighResPhotos/Skydiving 9-2001.jpg]
[www.lithoguru.com/images/Photos/Skydiving 9-2001.jpg]
[www.lithoguru.com/images/HighResPhotos/Galcier Point Yosemite 10-2001.jpg]
[www.lithoguru.com/images/Photos/Galcier Point Yosemite 10-2001.jpg]
[www.lithoguru.com/images/HighResPhotos/Nazareth Greek Church of the Annunciation 12-2001.jpg]
[www.lithoguru.com/images/Photos/Nazareth Greek Church of the Annunciation 12-2001.jpg]
[www.lithoguru.com/images/HighResPhotos/Sea of Galillee 3-2002.jpg]
[www.lithoguru.com/images/Photos/Sea of Galillee 3-2002.jpg]
[www.lithoguru.com/images/HighResPhotos/Green Sand beach Hawaii 7-2002.jpg]
[www.lithoguru.com/images/Photos/Green Sand beach Hawaii 7-2002.jpg]
[www.lithoguru.com/images/HighResPhotos/Hawaii lava flow 7-2002.jpg]
[www.lithoguru.com/images/Photos/Hawaii lava flow 7-2002.jpg]
[www.lithoguru.com/images/HighResPhotos/Hawaii Luau Relaxing 7-2002.jpg]
[www.lithoguru.com/images/Photos/Hawaii Luau Relaxing 7-2002.jpg]
[www.lithoguru.com/images/HighResPhotos/Hawaii Mauna Kea top 7-2002.jpg]
[www.lithoguru.com/images/Photos/Hawaii Mauna Kea top 7-2002.jpg]
[www.lithoguru.com/images/HighResPhotos/Hawaii scuba boat2 7-2002.jpg]
[www.lithoguru.com/images/Photos/Hawaii scuba boat2 7-2002.jpg]
[www.lithoguru.com/images/HighResPhotos/Hawaii scuba boat 7-2002.jpg]
[www.lithoguru.com/images/Photos/Hawaii scuba boat 7-2002.jpg]
[www.lithoguru.com/images/HighResPhotos/Taiwan Beetlenut 3-2003.jpg]
[www.lithoguru.com/images/Photos/Taiwan Beetlenut 3-2003.jpg]
[www.lithoguru.com/images/HighResPhotos/Chris and Susan in Walnut Canyon 4-5-03.jpg]
[www.lithoguru.com/images/Photos/Chris and Susan in Walnut Canyon 4-5-03.jpg]
[www.lithoguru.com/images/HighResPhotos/Dusseldorf 7-2003.jpg]
[www.lithoguru.com/images/Photos/Dusseldorf 7-2003.jpg]
[www.lithoguru.com/images/HighResPhotos/SEMI Award 12-2003.jpg]
[www.lithoguru.com/images/Photos/SEMI Award 12-2003.jpg]
[www.lithoguru.com/images/HighResPhotos/Hofbrau House Munich 4-2004.jpg]
[www.lithoguru.com/images/Photos/Hofbrau House Munich 4-2004.jpg]
[www.lithoguru.com/images/HighResPhotos/San Diego Harbor 6-2004.jpg]
[www.lithoguru.com/images/Photos/San Diego Harbor 6-2004.jpg]
[www.lithoguru.com/images/HighResPhotos/Forbidden City 11-2004.jpg]
[www.lithoguru.com/images/Photos/Forbidden City 11-2004.jpg]
[www.lithoguru.com/images/HighResPhotos/Great Wall 11-2004.jpg]
[www.lithoguru.com/images/Photos/Great Wall 11-2004.jpg]
[www.lithoguru.com/images/HighResPhotos/My first camera.jpg]
[www.lithoguru.com/images/Photos/My first camera.jpg]
[www.lithoguru.com/images/HighResPhotos/Hobbiton 6-2012.jpg]
[www.lithoguru.com/images/Photos/Hobbitton 6-2012.jpg]
[www.lithoguru.com/gentleman/family.html]
[www.lithoguru.com/scientist/glossary/default.html]
[www.lithoguru.com/scientist/litho_lite/cartoons.html]
[www.lithoguru.com/scientist/litho.html]
[www.lithoguru.com/images/lithobasics_clip_image002.gif]
[www.lithoguru.com/images/lithobasics_clip_image004.gif]
[www.lithoguru.com/images/lithobasics_clip_image006.gif]
[www.lithoguru.com/images/lithobasics_clip_image008.gif]
[www.lithoguru.com/images/lithobasics_clip_image010.gif]
[www.lithoguru.com/images/lithobasics_clip_image012.gif]
[www.lithoguru.com/images/lithobasics_clip_image014.gif]
[www.lithoguru.com/images/lithobasics_clip_image016.gif]
[www.lithoguru.com/images/lithobasics_clip_image018.gif]
[www.lithoguru.com/images/lithobasics_clip_image020.gif]
[www.lithoguru.com/images/lithobasics_clip_image022.gif]
[www.lithoguru.com/images/lithobasics_clip_image024.gif]
[www.lithoguru.com/scientist/lithobasics.html]
[www.lithoguru.com/scientist/glossary/A.html]
[www.lithoguru.com/scientist/glossary/B.html]
[www.lithoguru.com/scientist/glossary/C.html]
[www.lithoguru.com/scientist/glossary/D.html]
[www.lithoguru.com/scientist/glossary/E.html]
[www.lithoguru.com/scientist/glossary/F.html]
[www.lithoguru.com/scientist/glossary/G.html]
[www.lithoguru.com/scientist/glossary/H.html]
[www.lithoguru.com/scientist/glossary/I.html]
[www.lithoguru.com/scientist/glossary/J.html]
[www.lithoguru.com/scientist/glossary/K.html]
[www.lithoguru.com/scientist/glossary/L.html]
[www.lithoguru.com/scientist/glossary/M.html]
[www.lithoguru.com/scientist/glossary/N.html]
[www.lithoguru.com/scientist/glossary/O.html]
[www.lithoguru.com/scientist/glossary/P.html]
[www.lithoguru.com/scientist/glossary/Q.html]
[www.lithoguru.com/scientist/glossary/R.html]
[www.lithoguru.com/scientist/glossary/S.html]
[www.lithoguru.com/scientist/glossary/T.html]
[www.lithoguru.com/scientist/glossary/U.html]
[www.lithoguru.com/scientist/glossary/V.html]
[www.lithoguru.com/scientist/glossary/W.html]
[www.lithoguru.com/scientist/glossary/X.html]
[www.lithoguru.com/scientist/glossary/Y.html]
[www.lithoguru.com/scientist/glossary/Z.html]
[www.lithoguru.com/scientist/glossary/index.html]
[www.lithoguru.com/scientist/litho_history/milestones_tools.pdf]
[www.lithoguru.com/scientist/litho_history/Kato_Litho_History.pdf]
[www.lithoguru.com/scientist/litho_history/Photoresist_materials_historical_perspective_Willson_1997.pdf]
[www.lithoguru.com/scientist/litho_history/Optical_lithography_thirty_years_and_three_orders_of_magnitude_Bruning_1997.pdf]
[www.lithoguru.com/scientist/litho_history/Lithographic_lens_history_and_evolution_Matsuyama_2006.pdf]
[www.lithoguru.com/scientist/litho_history/Optical_lithography_40_years_and_holding_Bruning_2007.pdf]
[www.lithoguru.com/scientist/litho_papers/2005_Thirty_Years_of_Lithography_Simulation.pdf]
[www.lithoguru.com/scientist/litho_history/EIPBN_history.pdf]
[www.lithoguru.com/scientist/lithohistory.html]
[www.lithoguru.com/scientist/essays/spie_proposal.html]
[www.lithoguru.com/scientist/essays/EUV_SST.html]
[www.lithoguru.com/scientist/essays/SemiTop20.html]
[www.lithoguru.com/scientist/essays/Tennants_Law.html]
[www.lithoguru.com/scientist/essays/why450.html]
[www.lithoguru.com/scientist/essays/future_of_lithography.html]
[www.lithoguru.com/scientist/essays/thebet.html]
[www.lithoguru.com/scientist/essays/Metrology.html]
[www.lithoguru.com/scientist/past_future.html]
[www.lithoguru.com/scientist/essays.html]
[www.lithoguru.com/scientist/conferences/spie_diary_2006.html]
[www.lithoguru.com/scientist/conferences/spie_diary_2007.html]
[www.lithoguru.com/scientist/conferences/spie_diary_2008.html]
[www.lithoguru.com/scientist/conferences/spie_diary_2009.html]
[www.lithoguru.com/scientist/conferences/spie_diary_2010.html]
[www.lithoguru.com/scientist/conferences/spie_diary_2011.html]
[www.lithoguru.com/scientist/conferences/spie_diary_2012.html]
[www.lithoguru.com/scientist/conferences/spie_diary_2013.html]
[www.lithoguru.com/scientist/conferences/spie_diary_2014.html]
[www.lithoguru.com/scientist/conferences/spie_diary_2015.html]
[www.lithoguru.com/scientist/conferences/spie_diary_2016.html]
[www.lithoguru.com/scientist/conferences/spie_diary_2017.html]
[www.lithoguru.com/scientist/conferences/spie_diary_2018.html]
[www.lithoguru.com/scientist/conferences/spie_diary_2019.html]
[www.lithoguru.com/scientist/conferences/spie_diary_2020.html]
[www.lithoguru.com/scientist/conferences/spie_diary_2022.html]
[www.lithoguru.com/scientist/conferences/PMJ_diary_2007.html]
[www.lithoguru.com/scientist/conferences/3beams_diary_2008.html]
[www.lithoguru.com/scientist/conferences/EUV_workshop_diary_2008.html]
[www.lithoguru.com/scientist/conferences/EUV_workshop_diary_2009.html]
[www.lithoguru.com/scientist/conferences/bacus_diary_2009.html]
[www.lithoguru.com/scientist/conferences/Prague_diary_2009.html]
[www.lithoguru.com/scientist/conferences/3beams_diary_2011.html]
[www.lithoguru.com/scientist/conferences/Semicon_West_2012.html]
[www.lithoguru.com/scientist/conferences/NewZealand_2013.html]
[www.lithoguru.com/scientist/conferences/Litho_workshop_diary_2013.html]
[www.lithoguru.com/scientist/conferences/Semicon_West_2016.html]
[www.lithoguru.com/scientist/conferences/3beams_diary_2017.html]
[www.lithoguru.com/scientist/conferences/photopolymer_diary_2017.html]
[www.lithoguru.com/scientist/conferences/bacus_diary_2017.html]
[www.lithoguru.com/scientist/conferences/MNE_diary_2017.html]
[www.lithoguru.com/scientist/conferences/3beams_diary_2018.html]
[www.lithoguru.com/scientist/conferences/bacus_EUV_diary_2019.html]
[www.lithoguru.com/scientist/conferences/MNE_diary_2019.html]
[www.lithoguru.com/scientist/conferences.html]
[www.lithoguru.com/images/Cartoon Chris.jpg]
[www.lithoguru.com/scientist/litho_lite/bacus.html]
[www.lithoguru.com/scientist/litho_lite/How_I_Became_a_Lithographer.html]
[www.lithoguru.com/scientist/litho_lite/ausschnitt/kit.html]
[www.lithoguru.com/scientist/litho_lite/Politics.html]
[www.lithoguru.com/scientist/Jeff_Byers.html]
[www.lithoguru.com/scientist/litholite.html]
[www.lithoguru.com/images/books.gif]
[www.lithoguru.com/scientist/JM3.html]
[www.lithoguru.com/scientist/publish.html]
[www.lithoguru.com/images/Field-Guide_Japanese2.jpg]
[www.lithoguru.com/images/Inside PROLITH.gif]
[www.lithoguru.com/scientist/litho_papers/Inside_PROLITH.pdf]
[www.lithoguru.com/scientist/litho_papers/Chris_Mack_PhD_Thesis.pdf]
[www.lithoguru.com/scientist/thesis_haiku.html]
[www.lithoguru.com/scientist/litho_papers/Errata_Alexander_Sadiku_3rdEdition_Chris_Mack.pdf]
[www.lithoguru.com/scientist/litho_papers/Errata_Hayt_Buck_7thEdition_Chris_Mack.pdf]
[www.lithoguru.com/scientist/litho_papers/Errata_Hecht_Optics_4thEdition_Chris_Mack.pdf]
[www.lithoguru.com/scientist/litho_papers/Errata_Campbell_4th_edition_Chris_Mack.pdf]
[www.lithoguru.com/scientist/books.html]
[www.lithoguru.com/scientist/litho_papers/1985_1_PROLITH_A Comprehensive Optical Lithography Model.pdf]
[www.lithoguru.com/scientist/litho_papers/1985_2_Modeling the Effects of Prebake on Positive Resist Processing.pdf]
[www.lithoguru.com/scientist/litho_papers/1986_3_Advanced Topics in Lithography Modeling.pdf]
[www.lithoguru.com/scientist/litho_papers/1986_4_Analytical Expression for Standing Wave Intensity in Photoresist.pdf]
[www.lithoguru.com/scientist/litho_papers/1986_5_Lumped Parameter Model of Photolithographic Process.pdf]
[www.lithoguru.com/scientist/litho_papers/1987_6_Development of Positive Photoresist.pdf]
[www.lithoguru.com/scientist/litho_papers/1987_7_Contrast Enhancement Techniques for Submicron Optical Lithog.pdf]
[www.lithoguru.com/scientist/litho_papers/1987_8_Photoresist Process Optimization .pdf]
[www.lithoguru.com/scientist/litho_papers/1988_9_Dispelling Myths About Dyed Photoresist.pdf]
[www.lithoguru.com/scientist/litho_papers/1988_10_Comparison of Modeling and Experimental Results in Contrast Enhancement.pdf]
[www.lithoguru.com/scientist/litho_papers/1988_11_Understanding Focus Effects in Submicron Optical Lithography.pdf]
[www.lithoguru.com/scientist/litho_papers/1988_12_Absorption and Exposure in Positive Photoresist.pdf]
[www.lithoguru.com/scientist/litho_papers/1988_13_Mask Bias in Submicron Optical Lithography.pdf]
[www.lithoguru.com/scientist/litho_papers/1988_14_Lithographic Characterization of Rapid Ammonia Catalyzed.pdf]
[www.lithoguru.com/scientist/litho_papers/1989_15_Understanding Focus Effects in Submicron Optical Lithography Part 2.pdf]
[www.lithoguru.com/scientist/litho_papers/1989_16_Focus Effects in Submicron Optical Lithography.pdf]
[www.lithoguru.com/scientist/litho_papers/1989_17_Optimum Stepper Performance.pdf]
[www.lithoguru.com/scientist/litho_papers/1990_18_Algorithm for Optimizing Stepper Performance Through Image Manipulation.pdf]
[www.lithoguru.com/scientist/litho_papers/1991_19_Lithographic Optimization Using Photoresist Contrast.pdf]
[www.lithoguru.com/scientist/litho_papers/1991_20_Exposure Dose Optimization for Positive Resist.pdf]
[www.lithoguru.com/scientist/litho_papers/1992_21_Generalized Characteristics Model.pdf]
[www.lithoguru.com/scientist/litho_papers/1991_22_Fundamental Issues in Phase-Shifting Mask Technology.pdf]
[www.lithoguru.com/scientist/litho_papers/1991_23_Generalized Approach Toward Modeling Resist Perform.pdf]
[www.lithoguru.com/scientist/litho_papers/1991_24_Modeling Characterization of a 0.5um DUV Process.pdf]
[www.lithoguru.com/scientist/litho_papers/1992_25_Experimental Investigation of Novel Dissolution Model.pdf]
[www.lithoguru.com/scientist/litho_papers/1992_26_Understanding Focus Effects Part 3.pdf]
[www.lithoguru.com/scientist/litho_papers/1992_27_Fundamental Diff Between Positive Negative Tone Imaging.pdf]
[www.lithoguru.com/scientist/litho_papers/1992_28_I-line DUV VUV or  X-Ray.pdf]
[www.lithoguru.com/scientist/litho_papers/1992_29_New Kinetic Model for Resist Dissolution.pdf]
[www.lithoguru.com/scientist/litho_papers/1992_30_Simple Method for Rim Shifter Design.pdf]
[www.lithoguru.com/scientist/litho_papers/1993_31_Lithographic Effects of Metal Reflectivity Variations.pdf]
[www.lithoguru.com/scientist/litho_papers/1993_32_Phase Contrast Lithography.pdf]
[www.lithoguru.com/scientist/litho_papers/1993_33_Optimization of Spatial Properties of Illumination.pdf]
[www.lithoguru.com/scientist/litho_papers/1993_34_Cost Analysis of Lithographic Characterization_An Overview.pdf]
[www.lithoguru.com/scientist/litho_papers/1993_35_Designing the Ultimate Photoresist.pdf]
[www.lithoguru.com/scientist/litho_papers/1993_36_Lithographic Performance in Thick Photoresist Applications.pdf]
[www.lithoguru.com/scientist/litho_papers/1993_37_Understanding Focus Effects_Review.pdf]
[www.lithoguru.com/scientist/litho_papers/1994_38_Modeling of Solvent Evaporation Effects.pdf]
[www.lithoguru.com/scientist/litho_papers/1994_39_Thermal Design Methodology of Hot and Chill Plates for Photolith.pdf]
[www.lithoguru.com/scientist/litho_papers/1994_40_Enhanced Lumped Parameter Model for Photolithography.pdf]
[www.lithoguru.com/scientist/litho_papers/1995_41_Yield Modeling for Photolithography.pdf]
[www.lithoguru.com/scientist/litho_papers/1995_42_Characterization and Modeling Positive Acting Chemically Amplified Resist.pdf]
[www.lithoguru.com/scientist/litho_papers/1995_43_Non-constant Diffusion Coefficients_Short Description of Modeling.pdf]
[www.lithoguru.com/scientist/litho_papers/1995_44_Yield Modeling and Enhancement for Optical Lithography.pdf]
[www.lithoguru.com/scientist/litho_papers/1995_45_Focus Effects in Submicron Optical Lithography_Part 4.pdf]
[www.lithoguru.com/scientist/litho_papers/1995_46_Comparison of Scalar and Vector Modeling in Photoresist.pdf]
[www.lithoguru.com/scientist/litho_papers/1995_47_Comparison of Simulated Experimental CD-Limited Yield for I-Line.pdf]
[www.lithoguru.com/scientist/litho_papers/1995_48_Lithographic Effects of Acid Diffusion in CA Resists.pdf]
[www.lithoguru.com/scientist/litho_papers/1996_49_Resist Metrology for Lithography Simulation Part 1.pdf]
[www.lithoguru.com/scientist/litho_papers/1996_50_Resist Metrology for Lithography Simulation Part 2.pdf]
[www.lithoguru.com/scientist/litho_papers/1996_51_Lithography Model Tuning_Matching Simulation to Experiment.pdf]
[www.lithoguru.com/scientist/litho_papers/1996_52_Evaluating Proximity Effects Using 3-D Optical Lithography Simulation.pdf]
[www.lithoguru.com/scientist/litho_papers/1996_53_Trends in Optical Lithography.pdf]
[www.lithoguru.com/scientist/litho_papers/1996_54_Lithographic Modeling Speeds Thin-Film-Head Development.pdf]
[www.lithoguru.com/scientist/litho_papers/1996_55_Reducing Proximity Effects.pdf]
[www.lithoguru.com/scientist/litho_papers/1997_56_3D EBeam Lithography Simulation.pdf]
[www.lithoguru.com/scientist/litho_papers/1997_57_Enhancing the Development Rate Model for Optimum Simulation.pdf]
[www.lithoguru.com/scientist/litho_papers/1997_58_Diffusivity Measurements in Polymers_Part 1.pdf]
[www.lithoguru.com/scientist/litho_papers/1997_59_Diffusivity Measurements in Polymers_Part 2.pdf]
[www.lithoguru.com/scientist/litho_papers/1997_60_Diffusivity Measurements in Polymers_Part 4.pdf]
[www.lithoguru.com/scientist/litho_papers/1997_61_CD Distributions for Optimization of Litho Processes.pdf]
[www.lithoguru.com/scientist/litho_papers/1997_62_Process-Specific Tuning of Lithography Simulation Tools.pdf]
[www.lithoguru.com/scientist/litho_papers/1997_63_Resolution and Depth of Focus in OL.pdf]
[www.lithoguru.com/scientist/litho_papers/1997_64_EBeam Lithography Sumulation for Mask Making_Part 1.pdf]
[www.lithoguru.com/scientist/litho_papers/1997_65_EBeam_Comparison of PBS and EBR900 M1_Part 2.pdf]
[www.lithoguru.com/scientist/litho_papers/1997_66_Accuracy of 3-D Optical Lithography Simulation for Advanced Reticles.pdf]
[www.lithoguru.com/scientist/litho_papers/1997_68_Impact of Developer Temperature on Dissolution Behavior.pdf]
[www.lithoguru.com/scientist/litho_papers/1998_69_Improved Simulation of Photoresists Using New Develop Models.pdf]
[www.lithoguru.com/scientist/litho_papers/1998_70_New Model for Effect of Developer Temp.pdf]
[www.lithoguru.com/scientist/litho_papers/1998_71_Litho Simulation Employing Rigorous Solutions to Maxwells Equations at Mask.pdf]
[www.lithoguru.com/scientist/litho_papers/1998_72_Notch Model for Photoresist Dissolution.pdf]
[www.lithoguru.com/scientist/litho_papers/1998_73_Modeling Solvent Diffusion in Photoresist.pdf]
[www.lithoguru.com/scientist/litho_papers/1998_74_Metal Layer Characterization with In-Line CD Data.pdf]
[www.lithoguru.com/scientist/litho_papers/1998_75_EBeam_Effect of Spot Size_Address Grid_Part 3.pdf]
[www.lithoguru.com/scientist/litho_papers/1998_76_Design and Analysis of Manufacturable Alternating PSM.pdf]
[www.lithoguru.com/scientist/litho_papers/1998_77_Assessment of a Hypothetical Roadmap...70nm.pdf]
[www.lithoguru.com/scientist/litho_papers/1998_78_Data Analysis for Photolithography.pdf]
[www.lithoguru.com/scientist/litho_papers/1998_79_EBeam Lithography Simulation for Mask Making.pdf]
[www.lithoguru.com/scientist/litho_papers/1999_80_Mask Topography Simulation for EUV Litho.pdf]
[www.lithoguru.com/scientist/litho_papers/1999_81_Data Analysis for Photolithography.pdf]
[www.lithoguru.com/scientist/litho_papers/1999_82_Parameters for Simulation of DUV Litho Using FT-IR Baking System.pdf]
[www.lithoguru.com/scientist/litho_papers/1999_83_Effect of Developer Temperature and Normality on Chem Amp Resist.pdf]
[www.lithoguru.com/scientist/litho_papers/1999_84_FT-IR Method to Determine Dill's C Parameter.pdf]
[www.lithoguru.com/scientist/litho_papers/1999_85_Considerations for Use of Application-Specific Photoresists.pdf]
[www.lithoguru.com/scientist/litho_papers/1999_86_Matching Simulation and Experiment for CA Resist.pdf]
[www.lithoguru.com/scientist/litho_papers/1999_87_Impact of Mask Errors on Full Chip Error Budgets.pdf]
[www.lithoguru.com/scientist/litho_papers/1999_88_Developer Temperature and Normality on Chemically Amplified Dissolution.pdf]
[www.lithoguru.com/scientist/litho_papers/1999_89_EBeam_Effect of Resist Contrast on Isofocal Dose_Part 4.pdf]
[www.lithoguru.com/scientist/litho_papers/1999_90_EBeam_Impact of GHOST proximity effect correction_Part 5.pdf]
[www.lithoguru.com/scientist/litho_papers/1999_91_MEEF in Theory and Practice.pdf]
[www.lithoguru.com/scientist/litho_papers/1999_92_Impact of Mask Errors on Optical Lithography.pdf]
[www.lithoguru.com/scientist/litho_papers/1999_93_Impact of Mask Errors on Optical Litho.pdf]
[www.lithoguru.com/scientist/litho_papers/2000_94_Modeling of Projection Electron Lithography.pdf]
[www.lithoguru.com/scientist/litho_papers/2000_95_Modeling the Effects of Excimer Laser Bandwidths.pdf]
[www.lithoguru.com/scientist/litho_papers/2000_96_Analytic Approach to Understanding Impact of Mask Errors.pdf]
[www.lithoguru.com/scientist/litho_papers/2000_97_Development of Analysis System for F2-Excimer Laser Photo Processes.pdf]
[www.lithoguru.com/scientist/litho_papers/2000_98_Litho Performance of Contact Holes_Corner Rounding_Part 1.pdf]
[www.lithoguru.com/scientist/litho_papers/2000_99_Litho Performance of Contact Holes_Corner Rounding_Part 2.pdf]
[www.lithoguru.com/scientist/litho_papers/2000_100_Simulation of E-beam Processes Using PROLITH 3D and Temptation.pdf]
[www.lithoguru.com/scientist/litho_papers/2000_101_Phase Phirst_Improved Strong-PSM Paradigm.pdf]
[www.lithoguru.com/scientist/litho_papers/2000_102_Impact of Reticle Corner Rounding on Wafer Print.pdf]
[www.lithoguru.com/scientist/litho_papers/2000_103_Corner Rounding and Line-end Shortening in OL.pdf]
[www.lithoguru.com/scientist/litho_papers/2001_104_Application of Critical Shape Analyses to 2D Patterns.pdf]
[www.lithoguru.com/scientist/litho_papers/2001_105_Metrology and Analysis of 2D SEM Patterns.pdf]
[www.lithoguru.com/scientist/litho_papers/2001_106_Characterization of OPC Features.pdf]
[www.lithoguru.com/scientist/litho_papers/2001_107 _Examination of Simplified Reaction-diffusion Model PEB of CA Resists.pdf]
[www.lithoguru.com/scientist/litho_papers/2001_108_Modeling Impact of Thermal History During PEB.pdf]
[www.lithoguru.com/scientist/litho_papers/2001_109_Understanding Molecular Level Effects During PEB.pdf]
[www.lithoguru.com/scientist/litho_papers/2001_110_Impact of Illumination Coherence Polarization on Imaging of AttnPSM.pdf]
[www.lithoguru.com/scientist/litho_papers/2001_111_MEEF Shall Inherit the Earth.pdf]
[www.lithoguru.com/scientist/litho_papers/2001_112_Automatic Calibration of Litho Simulation Parameters.pdf]
[www.lithoguru.com/scientist/litho_papers/2001_113_Reticle and Wafer Level Contributions to CD Variation.pdf]
[www.lithoguru.com/scientist/litho_papers/2001_114_Towards a Universal Resist Dissolution Model.pdf]
[www.lithoguru.com/scientist/litho_papers/2001_115_EBeam_Comparison 10 and 50 kV GHOST PEC_Part 6.pdf]
[www.lithoguru.com/scientist/litho_papers/2001_116_Lithographic Simulation Review.pdf]
[www.lithoguru.com/scientist/litho_papers/2001_117_Comprehensive Simulation of E-beam Litho Processes.pdf]
[www.lithoguru.com/scientist/litho_papers/2001_118_Auto Calibration_Litho Simulation Parameters_Using Multi_Data Sets.pdf]
[www.lithoguru.com/scientist/litho_papers/2001_119_Impact of Graybeam.pdf]
[www.lithoguru.com/scientist/litho_papers/2001_120_Characterization of Quartz Etched PSM Masks for KrF Litho.pdf]
[www.lithoguru.com/scientist/litho_papers/2002_121_Calibration of ESCAP Resist Simulation.pdf]
[www.lithoguru.com/scientist/litho_papers/2002_122_Theoretical Analysis of  Potential for Maskless Litho.pdf]
[www.lithoguru.com/scientist/litho_papers/2002_123_Etch Simulations for Lithography Engineers.pdf]
[www.lithoguru.com/scientist/litho_papers/2002_124_Comparison between Full and Simplified Resist Models.pdf]
[www.lithoguru.com/scientist/litho_papers/2002_125_3D Lumped Parameter Model for Litho Simulations.pdf]
[www.lithoguru.com/scientist/litho_papers/2002_126_Characterizing Process Window of Double Exposure Dark Field APSM.pdf]
[www.lithoguru.com/scientist/litho_papers/2002_127_PRIMADONNA_System for Automated Defect Disposition.pdf]
[www.lithoguru.com/scientist/litho_papers/2002_128_Measuring and Modeling Flare in Optical Lithography.pdf]
[www.lithoguru.com/scientist/litho_papers/2003_129_Improved Model for FEM Data Analysis.pdf]
[www.lithoguru.com/scientist/litho_papers/2003_130_Modeling Soft Bake Effects in Chemically Amplified Resists.pdf]
[www.lithoguru.com/scientist/litho_papers/2003_131_The End of the Semiconductor Industry as We Know It_Plenary.pdf]
[www.lithoguru.com/scientist/litho_papers/2003_132_Process Sensitivity and Optimization with Full and Simplified Resist Models.pdf]
[www.lithoguru.com/scientist/litho_papers/2003_133_Methods for Benchmarking Photolithography Simulators.pdf]
[www.lithoguru.com/scientist/litho_papers/2003_134_Measuring and Modeling Flare in Optical Lithography.pdf]
[www.lithoguru.com/scientist/litho_papers/2003_135_New die-to-database inspection algorithm.pdf]
[www.lithoguru.com/scientist/litho_papers/2003_136_Results from a new reticle defect inspection platform.pdf]
[www.lithoguru.com/scientist/litho_papers/2004_137_New, New Limits of Optical Lithography.pdf]
[www.lithoguru.com/scientist/litho_papers/2004_138_Lithographic Impact of Resist Model Parameters.pdf]
[www.lithoguru.com/scientist/litho_papers/2004_139_Exploring the Capabilities of Immersion Lithography Through Simulation.pdf]
[www.lithoguru.com/scientist/litho_papers/2004_140_Methods for Benchmarking Photolithography Simulators_Part II.pdf]
[www.lithoguru.com/scientist/litho_papers/2004_141_Lumped Parameter Model for Chemically Amplified Resists.pdf]
[www.lithoguru.com/scientist/litho_papers/2004_142_Results from a new die-to-database reticle inspection platform.pdf]
[www.lithoguru.com/scientist/litho_papers/2004_143_Impact of Mask Topography on Binary Reticles at 65nm Node.pdf]
[www.lithoguru.com/scientist/litho_papers/2005_144_Lithography Simulation in Semiconductor Manufacturing.pdf]
[www.lithoguru.com/scientist/litho_papers/2005_145_Charting the future and remembering the past.pdf]
[www.lithoguru.com/scientist/litho_papers/2005_146_Methods for Benchmarking Photolithography Simulators_Part III.pdf]
[www.lithoguru.com/scientist/litho_papers/2005_147_Inspection of integrated circuit databases through reticle and wafer simulation.pdf]
[www.lithoguru.com/scientist/litho_papers/2005_148_Accurate aerial image simulation using high-resolution reticle inspection images.pdf]
[www.lithoguru.com/scientist/litho_papers/2005_149_The Causes of Horizontal-Vertical (H-V) Bias in Optical Lithography.pdf]
[www.lithoguru.com/scientist/litho_papers/2005_150_The impact of attenuated phase shift mask topography on hyper-NA lithography.pdf]
[www.lithoguru.com/scientist/litho_papers/2006_152_Methods for Benchmarking Photolithography Simulators_Part IV.pdf]
[www.lithoguru.com/scientist/litho_papers/2006_153_Fast lithography simulation under focus variations for OPC and layout optimizations.pdf]
[www.lithoguru.com/scientist/litho_papers/2007_BARC_Metrology.pdf]
[www.lithoguru.com/scientist/litho_papers/2007_155_The Causes of Horizontal-Vertical (H-V) Bias in Optical Lithography Dipole Source Errors.pdf]
[www.lithoguru.com/scientist/litho_papers/2007_156_Improved Methods for Lithography Model Calibration.pdf]
[www.lithoguru.com/scientist/litho_papers/2007_Future_of_Semiconductor_Lithography.pdf]
[www.lithoguru.com/scientist/litho_papers/2008_Fab_Future.pdf]
[www.lithoguru.com/scientist/litho_papers/2009_Polymer_Dissolution_Model.pdf]
[www.lithoguru.com/scientist/litho_papers/2009_Stochastic_approach_to_modeling_photoresist_development.pdf]
[www.lithoguru.com/scientist/litho_papers/2009_LER_Correlation_Length.pdf]
[www.lithoguru.com/scientist/litho_papers/2009_Stochastic_Development.pdf]
[www.lithoguru.com/scientist/litho_papers/2009_Mask_LER.pdf]
[www.lithoguru.com/scientist/litho_papers/2010_LER_Ultimate_Limits.pdf]
[www.lithoguru.com/scientist/litho_papers/2010_166_Particle generation during photoresist dissolution.pdf]
[www.lithoguru.com/scientist/litho_papers/2010_LER_Model.pdf]
[www.lithoguru.com/scientist/litho_papers/2010_Stochastic_Development.pdf]
[www.lithoguru.com/scientist/litho_papers/2011_Gaussian_LPM.pdf]
[www.lithoguru.com/scientist/litho_papers/2011_EUV_Stochastic_Quenching_Kinetics.pdf]
[www.lithoguru.com/scientist/litho_papers/2011_Fifty_Years_of_Moores_Law.pdf]
[www.lithoguru.com/scientist/litho_papers/2011_EUV_Stochastic_Exposure_Kinetics.pdf]
[www.lithoguru.com/scientist/litho_papers/2011_PSD_in_three_dimensions.pdf]
[www.lithoguru.com/scientist/litho_papers/2012_Solid_immersion_interference_lithography_with_effective_gain_media.pdf]
[www.lithoguru.com/scientist/litho_papers/2012_Stochastic_Correlated_Development.pdf]
[www.lithoguru.com/scientist/litho_papers/2012_Stochastic_Measurement_of_Development_Rates.pdf]
[www.lithoguru.com/scientist/litho_papers/2012_Analytic_Reaction-Diffusion_PSD.pdf]
[www.lithoguru.com/scientist/litho_papers/2013_Generating_Random_Rough_Surfaces.pdf]
[www.lithoguru.com/scientist/litho_papers/2013_179_Systematic errors in the measurement of power spectral density.pdf]
[www.lithoguru.com/scientist/litho_papers/2013_Stochastic_Development_Rates.pdf]
[www.lithoguru.com/scientist/litho_papers/2013_Systematic_Errors_in_PSD_Measurement.pdf]
[www.lithoguru.com/scientist/litho_papers/2013_Stochastic_exposure_kinetics_of_EUV_photoresists-Trapping_model.pdf]
[www.lithoguru.com/scientist/litho_papers/2014_Mesoscale_Modeling.pdf]
[www.lithoguru.com/scientist/litho_papers/2014_Influence_of_metrology_error_in_measurement_of_PSD.pdf]
[www.lithoguru.com/scientist/litho_papers/2014_Analytical_expression_LWR_impact_on_CDU.pdf]
[www.lithoguru.com/scientist/litho_papers/2014_PISCES_LER_Scaling.pdf]
[www.lithoguru.com/scientist/litho_papers/2015_SEM_Linescan_Model.pdf]
[www.lithoguru.com/scientist/litho_papers/2015_More_Systematic_Errors_in_PSD_Measurement.pdf]
[www.lithoguru.com/scientist/litho_papers/2015_LER_Postprocessing.pdf]
[www.lithoguru.com/scientist/litho_papers/2016_SEM_Linescan_Model_Improvements.pdf]
[www.lithoguru.com/scientist/litho_papers/2016_Modeling_Metrology_for_OPC.pdf]
[www.lithoguru.com/scientist/litho_papers/2017_Error_Bars_on_LER.pdf]
[www.lithoguru.com/scientist/litho_papers/2017_Analytical_Linescan_Model.pdf]
[www.lithoguru.com/scientist/litho_papers/2017_Level_Crossing_and_LER.pdf]
[www.lithoguru.com/scientist/litho_papers/2017_Global_Minimization_LER_Analysis.pdf]
[www.lithoguru.com/scientist/litho_papers/2017_Overlay_Mark_Fidelity.pdf]
[www.lithoguru.com/scientist/litho_papers/2017_LER_Performance_Targets_for_EUV.pdf]
[www.lithoguru.com/scientist/litho_papers/2017_Reducing_roughness_in_EUVL.pdf]
[www.lithoguru.com/scientist/litho_papers/2018_Unbiased_Roughness_Measurement.pdf]
[www.lithoguru.com/scientist/litho_papers/2018_Setting up a proper power spectral.pdf]
[www.lithoguru.com/scientist/litho_papers/2018_Unbiased Roughness Measurements-The Key to Better Etch Performance.pdf]
[www.lithoguru.com/scientist/litho_papers/2018_Roughness power spectral density as a function of resist parameters.pdf]
[www.lithoguru.com/scientist/litho_papers/2018_Evolution of roughness during pattern trasnfer of DSA.pdf]
[www.lithoguru.com/scientist/litho_papers/2018_Shot Noise History.pdf]
[www.lithoguru.com/scientist/litho_papers/2108_Reducing Roughness in EUVL.pdf]
[www.lithoguru.com/scientist/litho_papers/2018_The imec roughness protocol.pdf]
[www.lithoguru.com/scientist/litho_papers/2018_Unbiased roughness measurement part 2.pdf]
[www.lithoguru.com/scientist/litho_papers/2019_SEM effects part 3.pdf]
[www.lithoguru.com/scientist/litho_papers/2019_Roughness Power Spectral Density as a Function of Aerial Image and Basic Process.pdf]
[www.lithoguru.com/scientist/litho_papers/2019_Influence of Sidewall Perturbations on CD-SEM Line Roughness Metrology.pdf]
[www.lithoguru.com/scientist/litho_papers/2019_Will Stochastics be the Ultimate Limiter for Nanopatterning.pdf]
[www.lithoguru.com/scientist/litho_papers/2019_Metrics for stochastic scaling in EUV.pdf]
[www.lithoguru.com/scientist/litho_papers/2019_Simulating SEM noise.pdf]
[www.lithoguru.com/scientist/papers.html]
[www.lithoguru.com/scientist/litho_papers/1996_Trends_in_Optical_Lithography.pdf]
[www.lithoguru.com/scientist/litho_papers/2001_Lithographic_Simulation_Review.pdf]
[www.lithoguru.com/scientist/litho_papers/2003_The_End_of_the_Semiconductor_Industry_as_We_Know_It.pdf]
[www.lithoguru.com/scientist/litho_papers/2004_New_New_Limits_of_Optical_Lithography.pdf]
[www.lithoguru.com/scientist/papers-favorites.html]
[www.lithoguru.com/scientist/litho_papers/2013_SPIE_DFM_Keynote.pdf]
[www.lithoguru.com/scientist/litho_papers/2012_LER_Invited_Presentation.pdf]
[www.lithoguru.com/scientist/papers-recent.html]
[www.lithoguru.com/images/LER_SEM.jpg]
[www.lithoguru.com/scientist/papers-LER.html]
[www.lithoguru.com/scientist/litho_tutor/TUTOR01 (Winter 93).pdf]
[www.lithoguru.com/scientist/litho_tutor/TUTOR02 (Spring 93).pdf]
[www.lithoguru.com/scientist/litho_tutor/TUTOR03 (Summer 93).pdf]
[www.lithoguru.com/scientist/litho_tutor/TUTOR04 (Fall 93).pdf]
[www.lithoguru.com/scientist/litho_tutor/TUTOR05 (Winter 94).pdf]
[www.lithoguru.com/scientist/litho_tutor/TUTOR06 (Spring 94).pdf]
[www.lithoguru.com/scientist/litho_tutor/TUTOR07 (Summer 94).pdf]
[www.lithoguru.com/scientist/litho_tutor/TUTOR08 (Autumn 94).pdf]
[www.lithoguru.com/scientist/litho_tutor/TUTOR09 (Winter 95).pdf]
[www.lithoguru.com/scientist/litho_tutor/TUTOR10 (Spring 95).pdf]
[www.lithoguru.com/scientist/litho_tutor/TUTOR11 (Autumn 95).pdf]
[www.lithoguru.com/scientist/litho_tutor/TUTOR12 (Winter 96).pdf]
[www.lithoguru.com/scientist/litho_tutor/TUTOR13 (Spring 96).pdf]
[www.lithoguru.com/scientist/litho_tutor/TUTOR14 (Summer 96).pdf]
[www.lithoguru.com/scientist/litho_tutor/TUTOR15 (Autumn 96).pdf]
[www.lithoguru.com/scientist/litho_tutor/TUTOR16 (Winter 97).pdf]
[www.lithoguru.com/scientist/litho_tutor/TUTOR17 (Spring 97).pdf]
[www.lithoguru.com/scientist/litho_tutor/TUTOR18 (Summer 97).pdf]
[www.lithoguru.com/scientist/litho_tutor/TUTOR19 (Fall 97).pdf]
[www.lithoguru.com/scientist/litho_tutor/TUTOR20 (Winter 98).pdf]
[www.lithoguru.com/scientist/litho_tutor/TUTOR21 (Spring 98).pdf]
[www.lithoguru.com/scientist/litho_tutor/TUTOR22 (Summer 98).pdf]
[www.lithoguru.com/scientist/litho_tutor/TUTOR23 (Fall 98).pdf]
[www.lithoguru.com/scientist/litho_tutor/TUTOR24 (Winter 99).pdf]
[www.lithoguru.com/scientist/litho_tutor/TUTOR25 (Spring 99).pdf]
[www.lithoguru.com/scientist/litho_tutor/TUTOR26 (Summer 99).pdf]
[www.lithoguru.com/scientist/litho_tutor/TUTOR27 (Fall 99).pdf]
[www.lithoguru.com/scientist/litho_tutor/TUTOR28 (Winter 00).pdf]
[www.lithoguru.com/scientist/litho_tutor/TUTOR29 (Spring 00).pdf]
[www.lithoguru.com/scientist/litho_tutor/TUTOR30 (Summer 00).pdf]
[www.lithoguru.com/scientist/litho_tutor/TUTOR31 (Fall 00).pdf]
[www.lithoguru.com/scientist/litho_tutor/TUTOR32 (Winter 01).pdf]
[www.lithoguru.com/scientist/litho_tutor/TUTOR33 (Spring 01).pdf]
[www.lithoguru.com/scientist/litho_tutor/TUTOR34 (Summer 01).pdf]
[www.lithoguru.com/scientist/litho_tutor/TUTOR35 (Nov 01).pdf]
[www.lithoguru.com/scientist/litho_tutor/TUTOR36 (Feb 02).pdf]
[www.lithoguru.com/scientist/litho_tutor/TUTOR37 (May 02).pdf]
[www.lithoguru.com/scientist/litho_tutor/TUTOR38 (Aug 02).pdf]
[www.lithoguru.com/scientist/litho_tutor/TUTOR39 (Nov 02).pdf]
[www.lithoguru.com/scientist/litho_tutor/TUTOR40 (Feb 03).pdf]
[www.lithoguru.com/scientist/litho_tutor/TUTOR41 (May 03).pdf]
[www.lithoguru.com/scientist/litho_tutor/TUTOR42 (Aug 03).pdf]
[www.lithoguru.com/scientist/litho_tutor/TUTOR43 (Nov 03).pdf]
[www.lithoguru.com/scientist/litho_tutor/Tutor44 (Feb 04).pdf]
[www.lithoguru.com/scientist/litho_tutor/Tutor45 (May 04).pdf]
[www.lithoguru.com/scientist/litho_tutor/Tutor46 (Aug 04).pdf]
[www.lithoguru.com/scientist/litho_tutor/Tutor47 (Nov 04).pdf]
[www.lithoguru.com/scientist/litho_tutor/Tutor48 (Feb 05).pdf]
[www.lithoguru.com/scientist/litho_tutor/Tutor49 (May 05).pdf]
[www.lithoguru.com/scientist/litho_tutor/Tutor50 (Aug 05).pdf]
[www.lithoguru.com/scientist/litho_tutor/Tutor51 (Nov 05).pdf]
[www.lithoguru.com/scientist/litho_tutor/Tutor52 (Feb 06).pdf]
[www.lithoguru.com/scientist/litho_tutor/Tutor53 (May 06).pdf]
[www.lithoguru.com/scientist/litho_tutor/Tutor54 (Aug 06).pdf]
[www.lithoguru.com/scientist/litho_tutor/Tutor55 (Nov 06).pdf]
[www.lithoguru.com/scientist/litho_tutor/Tutor56 (Feb 07).pdf]
[www.lithoguru.com/scientist/litho_tutor/Tutor57 (May 07).pdf]
[www.lithoguru.com/scientist/litho_tutor/Tutor58 (Aug 07).pdf]
[www.lithoguru.com/scientist/litho_tutor/Tutor59 (Nov 07).pdf]
[www.lithoguru.com/scientist/litho_tutor/Tutor60 (Feb 08).pdf]
[www.lithoguru.com/scientist/litho_tutor/Tutor61 (May 08).pdf]
[www.lithoguru.com/scientist/litho_tutor/Tutor62 (Aug 08).pdf]
[www.lithoguru.com/scientist/litho_tutor/Tutor63 (Nov 08).pdf]
[www.lithoguru.com/scientist/tutor.html]
[www.lithoguru.com/images/profit.gif]
[www.lithoguru.com/scientist/profit.html]
[www.lithoguru.com/scientist/consult.html]
[www.lithoguru.com/images/Photos/Chris Lecturing Grenoble 9-2001.jpg]
[www.lithoguru.com/scientist/training/Intro_Outline.pdf]
[www.lithoguru.com/scientist/training/Art_or_Science_Outline.pdf]
[www.lithoguru.com/scientist/training/Optimization_Outline.pdf]
[www.lithoguru.com/scientist/training/RET_Outline.pdf]
[www.lithoguru.com/textbook/Syllabus.pdf]
[www.lithoguru.com/scientist/training.html]
[www.lithoguru.com/scientist/expert.html]
[www.lithoguru.com/images/resume.gif]
[www.lithoguru.com/images/Photos/Chris Mack 2011.jpg]
[www.lithoguru.com/scientist/about.html]
[www.lithoguru.com/images/textbook.gif]
[www.lithoguru.com/fractilia/index.html]
[www.lithoguru.com/css/structure.css]
[www.lithoguru.com/css/default.css]
[www.lithoguru.com/scientist/bio.html]
[www.lithoguru.com/scientist/Chris_Mack_CV.pdf]
[www.lithoguru.com/scientist/resume.html]
[www.lithoguru.com/images/contact.gif]
[www.lithoguru.com/images/Mack in Kanji.jpg]
[www.lithoguru.com/contact.html]
[www.lithoguru.com/gentleman/philosophy/science_definition.html]
[www.lithoguru.com/textbook/Cover_jacket_FPOOL.jpg]
[www.lithoguru.com/textbook/TOC.html]
[www.lithoguru.com/textbook/errata.html]
[www.lithoguru.com/textbook/For_instructors.html]
[www.lithoguru.com/textbook/labs.html]
[www.lithoguru.com/textbook/library.html]
[www.lithoguru.com/textbook/index.html]
[www.lithoguru.com/gentleman/essays/Douglass.html]
[www.lithoguru.com/gentleman/essays/SnowCrash.html]
[www.lithoguru.com/gentleman/essays/Paradise.html]
[www.lithoguru.com/gentleman/essays/SunsetLimited.html]
[www.lithoguru.com/gentleman/essays/WoundedKnee.html]
[www.lithoguru.com/gentleman/essays/PlotAgainstAmerica.html]
[www.lithoguru.com/gentleman/essays/gamay.html]
[www.lithoguru.com/gentleman/essays/clip_image002.jpg]
[www.lithoguru.com/gentleman/essays/clip_image004.jpg]
[www.lithoguru.com/gentleman/essays/clip_image006.jpg]
[www.lithoguru.com/gentleman/essays/clip_image008.jpg]
[www.lithoguru.com/gentleman/essays/Gilgamesh.html]
[www.lithoguru.com/gentleman/essays/Native_Son.html]
[www.lithoguru.com/gentleman/essays/Barracoon.html]
[www.lithoguru.com/gentleman/essays/Perfume.html]
[www.lithoguru.com/gentleman/essays/InColdBlood.html]
[www.lithoguru.com/gentleman/essays/Koestler.html]
[www.lithoguru.com/gentleman/essays/passion.html]
[www.lithoguru.com/gentleman/essays/Ulysses.html]
[www.lithoguru.com/gentleman/essays/Camus.html]
[www.lithoguru.com/gentleman/essays/Hesse.html]
[www.lithoguru.com/gentleman/philosophy/belief.html]
[www.lithoguru.com/gentleman/philosophy/antirealism.html]
[www.lithoguru.com/gentleman/essays/social_security.html]
[www.lithoguru.com/gentleman/essays/libertarian.html]
[www.lithoguru.com/gentleman/essays/genocide.html]
[www.lithoguru.com/gentleman/philosophy/science_puzzle.html]
[www.lithoguru.com/gentleman/essays/defining_torture.html]
[www.lithoguru.com/gentleman/essays/writing.html]
[www.lithoguru.com/gentleman/essays/torture.html]
[www.lithoguru.com/gentleman/essays/survivor.html]
[www.lithoguru.com/gentleman/data/inflation_clip_image002.gif]
[www.lithoguru.com/gentleman/data/inflation_clip_image004.gif]
[www.lithoguru.com/gentleman/data/inflation_clip_image006.gif]
[www.lithoguru.com/gentleman/data/inflation.html]
[www.lithoguru.com/gentleman/data/population_clip_image002.gif]
[www.lithoguru.com/gentleman/data/population_clip_image004.gif]
[www.lithoguru.com/gentleman/data/population_clip_image006.gif]
[www.lithoguru.com/gentleman/data/population.html]
[www.lithoguru.com/gentleman/data/GDP_clip_image002.gif]
[www.lithoguru.com/gentleman/data/GDP_clip_image004.gif]
[www.lithoguru.com/gentleman/data/GDP.html]
[www.lithoguru.com/images/scientists.gif]
[www.lithoguru.com/images/scientists2.gif]
[www.lithoguru.com/gentleman/optics/eight_good_men.html]
[www.lithoguru.com/scientist/glossary/index-2.html]
[www.lithoguru.com/scientist/litho_papers/How to write a good scientific paper - Chris Mack.pdf]
[www.lithoguru.com/scientist/CHE323/CHE323_384 Syllabus_15.pdf]
[www.lithoguru.com/scientist/CHE323/Errata_Campbell_4th_edition_Mack.pdf]
[www.lithoguru.com/scientist/CHE323/course.html]
[www.lithoguru.com/scientist/CHE323/index.html]
[www.lithoguru.com/scientist/statistics/CHE384_Syllabus_Data2Decisions_18.pdf]
[www.lithoguru.com/scientist/statistics/course.html]
[www.lithoguru.com/scientist/statistics/index.html]
[www.lithoguru.com/scientist/statistics/StatReview_Intro.pdf]
[www.lithoguru.com/scientist/statistics/StatReview_Lecture01.pdf]
[www.lithoguru.com/scientist/statistics/StatReview_Lecture02.pdf]
[www.lithoguru.com/scientist/statistics/StatReview_Lecture2&3.xlsx]
[www.lithoguru.com/scientist/statistics/StatReview_Lecture03.pdf]
[www.lithoguru.com/scientist/statistics/StatReview_Lecture04.pdf]
[www.lithoguru.com/scientist/statistics/StatReview_Lecture05.pdf]
[www.lithoguru.com/scientist/statistics/StatReview_Lecture06.pdf]
[www.lithoguru.com/scientist/statistics/Homework01.pdf]
[www.lithoguru.com/scientist/statistics/Homework01_solutions.pdf]
[www.lithoguru.com/scientist/statistics/StatReview_Lecture07.pdf]
[www.lithoguru.com/scientist/statistics/StatReview_Lecture08.pdf]
[www.lithoguru.com/scientist/statistics/StatReview_Lecture09.pdf]
[www.lithoguru.com/scientist/statistics/Homework02.pdf]
[www.lithoguru.com/scientist/statistics/Homework02_solutions.pdf]
[www.lithoguru.com/scientist/statistics/Bonus_Texas_Lottery.pdf]
[www.lithoguru.com/scientist/statistics/StatReview_Lecture10.pdf]
[www.lithoguru.com/scientist/statistics/StatReview_Lecture11.pdf]
[www.lithoguru.com/scientist/statistics/StatReview_Lecture12.pdf]
[www.lithoguru.com/scientist/statistics/StatReview_Lecture13.pdf]
[www.lithoguru.com/scientist/statistics/StatReview_Lecture14.pdf]
[www.lithoguru.com/scientist/statistics/Homework03.pdf]
[www.lithoguru.com/scientist/statistics/Homework03_solutions.pdf]
[www.lithoguru.com/scientist/statistics/StatReview_Lecture15.pdf]
[www.lithoguru.com/scientist/statistics/StatReview_Lecture16.pdf]
[www.lithoguru.com/scientist/statistics/StatReview_Lecture17.pdf]
[www.lithoguru.com/scientist/statistics/Homework04.pdf]
[www.lithoguru.com/scientist/statistics/Homework04_solution.pdf]
[www.lithoguru.com/scientist/statistics/Homework04.xlsx]
[www.lithoguru.com/scientist/statistics/Homework04_solution.xlsx]
[www.lithoguru.com/scientist/statistics/Statistics - the big picture.pdf]
[www.lithoguru.com/scientist/statistics/StatReview_Equations.pdf]
[www.lithoguru.com/scientist/statistics/Standard Normal and Student's-t Table.pdf]
[www.lithoguru.com/scientist/statistics/Practice_Final.pdf]
[www.lithoguru.com/scientist/statistics/Practice_Final_solution.pdf]
[www.lithoguru.com/scientist/statistics/review.html]
[www.lithoguru.com/images/artwork.gif]
[www.lithoguru.com/marymackart/Watercolors_by_Mary_Mack.ppt]
[www.lithoguru.com/marymackart/Watercolors_by_Mary_Mack.pdf]
[www.lithoguru.com/marymackart/index.html]
[www.lithoguru.com/images/HighResPhotos/Hobbiton 6-2012.jpg]
[www.lithoguru.com/gentleman/Hobbiton, New Zealand.html]
[www.lithoguru.com/scientist/glossary/default.html]
[www.lithoguru.com/scientist/litho_lite/cartoonlitho/cartoon1.swf]
[www.lithoguru.com/images/Photos/Chris Cartoon Head.jpg]
[www.lithoguru.com/scientist/litho_lite/cartoonlitho/cartoon2.swf]
[www.lithoguru.com/scientist/litho_lite/cartoonlitho/cartoon3.swf]
[www.lithoguru.com/scientist/litho_lite/cartoons.html]
[www.lithoguru.com/scientist/glossary/A.html]
[www.lithoguru.com/scientist/glossary/B.html]
[www.lithoguru.com/scientist/glossary/C.html]
[www.lithoguru.com/scientist/glossary/D.html]
[www.lithoguru.com/scientist/glossary/E.html]
[www.lithoguru.com/scientist/glossary/F.html]
[www.lithoguru.com/scientist/glossary/G.html]
[www.lithoguru.com/scientist/glossary/H.html]
[www.lithoguru.com/scientist/glossary/I.html]
[www.lithoguru.com/scientist/glossary/J.html]
[www.lithoguru.com/scientist/glossary/K.html]
[www.lithoguru.com/scientist/glossary/L.html]
[www.lithoguru.com/scientist/glossary/M.html]
[www.lithoguru.com/scientist/glossary/N.html]
[www.lithoguru.com/scientist/glossary/O.html]
[www.lithoguru.com/scientist/glossary/P.html]
[www.lithoguru.com/scientist/glossary/Q.html]
[www.lithoguru.com/scientist/glossary/R_clip_image002.gif]
[www.lithoguru.com/scientist/glossary/R_clip_image004.gif]
[www.lithoguru.com/scientist/glossary/R.html]
[www.lithoguru.com/scientist/glossary/S.html]
[www.lithoguru.com/scientist/glossary/T.html]
[www.lithoguru.com/scientist/glossary/U.html]
[www.lithoguru.com/scientist/glossary/V.html]
[www.lithoguru.com/scientist/glossary/W.html]
[www.lithoguru.com/scientist/glossary/X.html]
[www.lithoguru.com/scientist/glossary/Y.html]
[www.lithoguru.com/scientist/glossary/Z.html]
[www.lithoguru.com/scientist/litho_history/Photoresist_materials_historical_perspective_Willson_1997.pdf]
[www.lithoguru.com/scientist/litho_history/Lithographic_lens_history_and_evolution_Matsuyama_2006.pdf]
[www.lithoguru.com/scientist/essays/spie_proposal.html]
[www.lithoguru.com/scientist/essays/Aircraft_Speed.xlsx]
[www.lithoguru.com/images/aircraft_speed.png]
[www.lithoguru.com/scientist/essays/EUV_SST.html]
[www.lithoguru.com/scientist/litho_history/Semicondcutor_Rankings.xlsx]
[www.lithoguru.com/images/semitop20_clip_image002.png]
[www.lithoguru.com/images/semitop20_clip_image004.png]
[www.lithoguru.com/images/semitop20_clip_image006.png]
[www.lithoguru.com/scientist/essays/SemiTop20.html]
[www.lithoguru.com/scientist/essays/Tennants_Law.html]
[www.lithoguru.com/scientist/essays/why450.html]
[www.lithoguru.com/scientist/essays/future_of_lithography.html]
[www.lithoguru.com/scientist/essays/thebet_clip_image002.jpg]
[www.lithoguru.com/scientist/essays/thebet.html]
[www.lithoguru.com/scientist/essays/Metrology.html]
[www.lithoguru.com/scientist/essays/SI_Forcast_1993.pdf]
[www.lithoguru.com/scientist/essays/Industry_Observation_6-1994.pdf]
[www.lithoguru.com/scientist/essays/Industry_Observation_9-1995.pdf]
[www.lithoguru.com/scientist/essays/Scotland_Plenary_Talk_1999.pdf]
[www.lithoguru.com/scientist/litho_papers/2003_Presentation_SPIE_Plenary.pdf]
[www.lithoguru.com/scientist/past_future.html]
[www.lithoguru.com/scientist/conferences/spie_diary_2006.html]
[www.lithoguru.com/scientist/conferences/spie_diary_2007.html]
[www.lithoguru.com/scientist/conferences/spie_diary_2008.html]
[www.lithoguru.com/scientist/conferences/spie_diary_2009.html]
[www.lithoguru.com/scientist/conferences/spie_diary_2010.html]
[www.lithoguru.com/scientist/conferences/spie_diary_2011.html]
[www.lithoguru.com/scientist/conferences/spie_diary_2012.html]
[www.lithoguru.com/scientist/conferences/spie_diary_2013.html]
[www.lithoguru.com/scientist/conferences/spie_diary_2014.html]
[www.lithoguru.com/images/Lotus-Pose.jpg]
[www.lithoguru.com/images/SPIE-AL2015.jpg]
[www.lithoguru.com/images/3DMetrologyPanel-Mack.jpg]
[www.lithoguru.com/images/ChrisMackPoster.jpg]
[www.lithoguru.com/scientist/papers_recent.html]
[www.lithoguru.com/scientist/conferences/spie_diary_2015.html]
[www.lithoguru.com/scientist/conferences/spie_diary_2016.html]
[www.lithoguru.com/scientist/conferences/spie_diary_2017.html]
[www.lithoguru.com/scientist/conferences/spie_diary_2018.html]
[www.lithoguru.com/scientist/conferences/spie_diary_2019.html]
[www.lithoguru.com/scientist/conferences/spie_diary_2020.html]
[www.lithoguru.com/scientist/conferences/spie_diary_2022.html]
[www.lithoguru.com/scientist/conferences/PMJ_diary_2007.html]
[www.lithoguru.com/scientist/conferences/3beams_diary_2008.html]
[www.lithoguru.com/scientist/conferences/EUV_workshop_diary_2008.html]
[www.lithoguru.com/scientist/conferences/EUV_workshop_diary_2009.html]
[www.lithoguru.com/scientist/conferences/bacus_diary_2009.html]
[www.lithoguru.com/scientist/conferences/Prague_diary_2009.html]
[www.lithoguru.com/scientist/conferences/3beams_diary_2011.html]
[www.lithoguru.com/scientist/conferences/Semicon_West_2012.html]
[www.lithoguru.com/images/Hobbitton.jpg]
[www.lithoguru.com/scientist/conferences/NewZealand_2013.html]
[www.lithoguru.com/images/Photos/LaQuinta_2013.jpg]
[www.lithoguru.com/scientist/conferences/Litho_workshop_diary_2013.html]
[www.lithoguru.com/scientist/conferences/Semicon_West_2016.html]
[www.lithoguru.com/scientist/conferences/3beams_diary_2017.html]
[www.lithoguru.com/scientist/conferences/photopolymer_diary_2017.html]
[www.lithoguru.com/images/Photos/Mr.Pellicle2.jpg]
[www.lithoguru.com/scientist/conferences/bacus_diary_2017.html]
[www.lithoguru.com/images/Photos/Port Barrels.jpg]
[www.lithoguru.com/scientist/conferences/MNE_diary_2017.html]
[www.lithoguru.com/scientist/conferences/3beams_diary_2018.html]
[www.lithoguru.com/scientist/conferences/bacus_EUV_diary_2019.html]
[www.lithoguru.com/scientist/conferences/MNE_diary_2019.html]
[www.lithoguru.com/scientist/litho_lite/bacus2003.html]
[www.lithoguru.com/scientist/litho_lite/bacus2004.html]
[www.lithoguru.com/scientist/litho_lite/bacus2005.html]
[www.lithoguru.com/scientist/litho_lite/bacus2017.html]
[www.lithoguru.com/scientist/litho_lite/bacus2018.html]
[www.lithoguru.com/scientist/litho_lite/bacus2007.html]
[www.lithoguru.com/scientist/litho_lite/bacus.html]
[www.lithoguru.com/scientist/litho_lite/How_I_Became_a_Lithographer.html]
[www.lithoguru.com/scientist/litho_lite/ausschnitt/prayer.html]
[www.lithoguru.com/scientist/litho_lite/ausschnitt/rapture.html]
[www.lithoguru.com/scientist/litho_lite/ausschnitt/cartoons.html]
[www.lithoguru.com/scientist/litho_lite/ausschnitt/kit.html]
[www.lithoguru.com/scientist/litho_lite/RicardoVieira_15215_NanoTech_V2p00_SMSBlk.pdf]
[www.lithoguru.com/scientist/litho_lite/Politics.html]
[www.lithoguru.com/images/HighResPhotos/Jeff Byers.jpg]
[www.lithoguru.com/images/Photos/Jeff Byers.jpg]
[www.lithoguru.com/scientist/Jeff_Byers_photos.html]
[www.lithoguru.com/scientist/Jeff_Byers.html]
[www.lithoguru.com/images/JM3_cover.jpg]
[www.lithoguru.com/scientist/JM3.html]
[www.lithoguru.com/scientist/litho_papers/Inside_PROLITH.pdf]
[www.lithoguru.com/scientist/thesis_haiku.html]
[www.lithoguru.com/scientist/litho_papers/1985_2_Modeling the Effects of Prebake on Positive Resist Processing.pdf]
[www.lithoguru.com/scientist/litho_papers/1986_4_Analytical Expression for Standing Wave Intensity in Photoresist.pdf]
[www.lithoguru.com/scientist/litho_papers/1986_5_Lumped Parameter Model of Photolithographic Process.pdf]
[www.lithoguru.com/scientist/litho_papers/1987_8_Photoresist Process Optimization .pdf]
[www.lithoguru.com/scientist/litho_papers/1988_9_Dispelling Myths About Dyed Photoresist.pdf]
[www.lithoguru.com/scientist/litho_papers/1988_10_Comparison of Modeling and Experimental Results in Contrast Enhancement.pdf]
[www.lithoguru.com/scientist/litho_papers/1988_14_Lithographic Characterization of Rapid Ammonia Catalyzed.pdf]
[www.lithoguru.com/scientist/litho_papers/1991_19_Lithographic Optimization Using Photoresist Contrast.pdf]
[www.lithoguru.com/scientist/litho_papers/1991_23_Generalized Approach Toward Modeling Resist Perform.pdf]
[www.lithoguru.com/scientist/litho_papers/1993_35_Designing the Ultimate Photoresist.pdf]
[www.lithoguru.com/scientist/litho_papers/1993_36_Lithographic Performance in Thick Photoresist Applications.pdf]
[www.lithoguru.com/scientist/litho_papers/1995_41_Yield Modeling for Photolithography.pdf]
[www.lithoguru.com/scientist/litho_papers/1995_47_Comparison of Simulated Experimental CD-Limited Yield for I-Line.pdf]
[www.lithoguru.com/scientist/litho_papers/1996_52_Evaluating Proximity Effects Using 3-D Optical Lithography Simulation.pdf]
[www.lithoguru.com/scientist/litho_papers/1996_53_Trends in Optical Lithography.pdf]
[www.lithoguru.com/scientist/litho_papers/1996_54_Lithographic Modeling Speeds Thin-Film-Head Development.pdf]
[www.lithoguru.com/scientist/litho_papers/1997_68_Impact of Developer Temperature on Dissolution Behavior.pdf]
[www.lithoguru.com/scientist/litho_papers/1998_69_Improved Simulation of Photoresists Using New Develop Models.pdf]
[www.lithoguru.com/scientist/litho_papers/1998_71_Litho Simulation Employing Rigorous Solutions to Maxwells Equations at Mask.pdf]
[www.lithoguru.com/scientist/litho_papers/2000_101_Phase Phirst_Improved Strong-PSM Paradigm.pdf]
[www.lithoguru.com/scientist/litho_papers/2001_109_Understanding Molecular Level Effects During PEB.pdf]
[www.lithoguru.com/scientist/litho_papers/2004_142_Results from a new die-to-database reticle inspection platform.pdf]
[www.lithoguru.com/scientist/litho_papers/2006_153_Fast lithography simulation under focus variations for OPC and layout optimizations.pdf]
[www.lithoguru.com/scientist/litho_papers/2011_EUV_Stochastic_Exposure_Kinetics.pdf]
[www.lithoguru.com/scientist/litho_papers/2012_Solid_immersion_interference_lithography_with_effective_gain_media.pdf]
[www.lithoguru.com/scientist/litho_papers/2013_Stochastic_Development_Rates.pdf]
[www.lithoguru.com/scientist/litho_papers/2013_Systematic_Errors_in_PSD_Measurement.pdf]
[www.lithoguru.com/scientist/litho_papers/2014_Mesoscale_Modeling.pdf]
[www.lithoguru.com/scientist/litho_papers/2015_SEM_Linescan_Model.pdf]
[www.lithoguru.com/scientist/litho_papers/2016_SEM_Linescan_Model_Improvements.pdf]
[www.lithoguru.com/scientist/litho_papers/2016_Modeling_Metrology_for_OPC.pdf]
[www.lithoguru.com/scientist/litho_papers/2016_Errors_in_ACF_and_HHCF.pdf.html]
[www.lithoguru.com/scientist/litho_papers/2017_Analytical_Linescan_Model.pdf]
[www.lithoguru.com/scientist/litho_papers/2017_Level_Crossing_and_LER.pdf]
[www.lithoguru.com/scientist/litho_papers/2017_Global_Minimization_LER_Analysis.pdf]
[www.lithoguru.com/scientist/litho_papers/2017_Overlay_Mark_Fidelity.pdf]
[www.lithoguru.com/scientist/litho_papers/2017_Reducing_roughness_in_EUVL.pdf]
[www.lithoguru.com/scientist/litho_papers/2108_Reducing Roughness in EUVL.pdf]
[www.lithoguru.com/scientist/litho_papers/2018_The imec roughness protocol.pdf]
[www.lithoguru.com/scientist/litho_papers/2018_Unbiased roughness measurement part 2.pdf]
[www.lithoguru.com/scientist/litho_papers/2019_Simulating SEM noise.pdf]
[www.lithoguru.com/css/images/arrow.html]
[www.lithoguru.com/css/images/life-blog.html]
[www.lithoguru.com/css/images/dot.html]
[www.lithoguru.com/css/images/bgcategory.html]
[www.lithoguru.com/css/images/bgpostedby.html]
[www.lithoguru.com/css/images/bgcomment.html]
[www.lithoguru.com/css/images/bgedit.html]
[www.lithoguru.com/css/images/dotv.html]
[www.lithoguru.com/css/images/commentquote01.html]
[www.lithoguru.com/css/images/commentquote02.html]
[www.lithoguru.com/css/images/dt-bg.html]
[www.lithoguru.com/css/images/shadow.html]
[www.lithoguru.com/css/images/corner_br.html]
[www.lithoguru.com/css/images/corner_tr.html]
[www.lithoguru.com/textbook/TOC.pdf]
[www.lithoguru.com/textbook/TOC.html]
[www.lithoguru.com/textbook/Errata-second_printing.pdf]
[www.lithoguru.com/textbook/errata.html]
[www.lithoguru.com/textbook/Litho_course_flyer.pdf]
[www.lithoguru.com/textbook/figures.html]
[www.lithoguru.com/textbook/Bonus_Homework.pdf]
[www.lithoguru.com/textbook/For_instructors.html]
[www.lithoguru.com/textbook/Lab_Manual.jpg]
[www.lithoguru.com/textbook/Lab_Manual.pdf]
[licensebuttons.net/l/by/3.0/88x31.png]
[www.lithoguru.com/textbook/Berwick.jpg]
[www.lithoguru.com/textbook/labs.html]
[www.lithoguru.com/textbook/library.html]
[www.lithoguru.com/scientist/CHE323/Lecture1.pdf]
[www.lithoguru.com/scientist/CHE323/Lecture2.pdf]
[www.lithoguru.com/scientist/CHE323/Moore1965.pdf]
[www.lithoguru.com/scientist/CHE323/Moore1975.pdf]
[www.lithoguru.com/scientist/CHE323/Lecture3.pdf]
[www.lithoguru.com/scientist/CHE323/Moore1995.pdf]
[www.lithoguru.com/scientist/CHE323/Lecture4.pdf]
[www.lithoguru.com/scientist/CHE323/Homework01.pdf]
[www.lithoguru.com/scientist/CHE323/Homework01_solutions.pdf]
[www.lithoguru.com/scientist/CHE323/Lecture5.pdf]
[www.lithoguru.com/scientist/CHE323/Lecture6.pdf]
[www.lithoguru.com/scientist/CHE323/Homework02.pdf]
[www.lithoguru.com/scientist/CHE323/Homework02_solutions.pdf]
[www.lithoguru.com/scientist/CHE323/Homework02.xlsx]
[www.lithoguru.com/scientist/CHE323/Homework02_solution.xlsx]
[www.lithoguru.com/scientist/CHE323/Lecture7.pdf]
[www.lithoguru.com/scientist/CHE323/Lecture8.pdf]
[www.lithoguru.com/scientist/CHE323/Lecture9.pdf]
[www.lithoguru.com/scientist/CHE323/Lecture10.pdf]
[www.lithoguru.com/scientist/CHE323/Lecture11.pdf]
[www.lithoguru.com/scientist/CHE323/Deal_Grove_Model_JApplPhys_36_3770.pdf]
[www.lithoguru.com/scientist/CHE323/Lecture12.pdf]
[www.lithoguru.com/scientist/CHE323/Deal-Grove_Data_Sheet.pdf]
[www.lithoguru.com/scientist/CHE323/Homework03.pdf]
[www.lithoguru.com/scientist/CHE323/Homework03_solutions.pdf]
[www.lithoguru.com/scientist/CHE323/Lecture13.pdf]
[www.lithoguru.com/scientist/CHE323/Lecture14.pdf]
[www.lithoguru.com/scientist/CHE323/Lecture15.pdf]
[www.lithoguru.com/scientist/CHE323/Homework04.pdf]
[www.lithoguru.com/scientist/CHE323/Homework04_solutions.pdf]
[www.lithoguru.com/scientist/CHE323/Lecture16.pdf]
[www.lithoguru.com/scientist/CHE323/Lecture17.pdf]
[www.lithoguru.com/scientist/CHE323/Lecture18.pdf]
[www.lithoguru.com/scientist/CHE323/Homework05.pdf]
[www.lithoguru.com/scientist/CHE323/Homework05_solutions.pdf]
[www.lithoguru.com/scientist/CHE323/Lecture19.pdf]
[www.lithoguru.com/scientist/CHE323/Lecture20.pdf]
[www.lithoguru.com/scientist/CHE323/Lecture21.pdf]
[www.lithoguru.com/scientist/CHE323/Exam1_formulas_data_constants.pdf]
[www.lithoguru.com/scientist/CHE323/Exam1_Review.pdf]
[www.lithoguru.com/scientist/CHE323/Formulas 1-19.pdf]
[www.lithoguru.com/scientist/CHE323/Formulas 1-19_B&W.pdf]
[www.lithoguru.com/scientist/CHE323/Exam1_Practice.pdf]
[www.lithoguru.com/scientist/CHE323/Lecture22.pdf]
[www.lithoguru.com/scientist/CHE323/Lecture23.pdf]
[www.lithoguru.com/scientist/CHE323/Homework06.pdf]
[www.lithoguru.com/scientist/CHE323/Homework06_solutions.pdf]
[www.lithoguru.com/scientist/CHE323/Lecture24.pdf]
[www.lithoguru.com/scientist/CHE323/Lecture25.pdf]
[www.lithoguru.com/scientist/CHE323/Lecture26.pdf]
[www.lithoguru.com/scientist/CHE323/Lecture27.pdf]
[www.lithoguru.com/scientist/CHE323/Homework07.pdf]
[www.lithoguru.com/scientist/CHE323/Homework07_solutions.pdf]
[www.lithoguru.com/scientist/CHE323/Lecture28.pdf]
[www.lithoguru.com/scientist/CHE323/Lecture29.pdf]
[www.lithoguru.com/scientist/CHE323/Lecture30.pdf]
[www.lithoguru.com/scientist/CHE323/Lecture31.pdf]
[www.lithoguru.com/scientist/CHE323/Lecture32.pdf]
[www.lithoguru.com/scientist/CHE323/Lecture33.pdf]
[www.lithoguru.com/scientist/CHE323/Homework08.pdf]
[www.lithoguru.com/scientist/CHE323/Homework08_solutions.pdf]
[www.lithoguru.com/scientist/CHE323/Lecture34.pdf]
[www.lithoguru.com/scientist/CHE323/Lecture35.pdf]
[www.lithoguru.com/scientist/CHE323/Lecture36.pdf]
[www.lithoguru.com/scientist/CHE323/Lecture37.pdf]
[www.lithoguru.com/scientist/CHE323/Homework09.pdf]
[www.lithoguru.com/scientist/CHE323/Homework09_solutions.pdf]
[www.lithoguru.com/scientist/CHE323/Lecture38.pdf]
[www.lithoguru.com/scientist/CHE323/Lecture39.pdf]
[www.lithoguru.com/scientist/CHE323/Formulas 20-37.pdf]
[www.lithoguru.com/scientist/CHE323/Formulas 20-37_B&W.pdf]
[www.lithoguru.com/scientist/CHE323/Exam2_Review.pdf]
[www.lithoguru.com/scientist/CHE323/Exam2_Practice.pdf]
[www.lithoguru.com/scientist/CHE323/Lecture40.pdf]
[www.lithoguru.com/scientist/CHE323/Lecture41.pdf]
[www.lithoguru.com/scientist/CHE323/Lecture42.pdf]
[www.lithoguru.com/scientist/CHE323/Lab_measuring_pitch.pdf]
[www.lithoguru.com/scientist/CHE323/Homework10.pdf]
[www.lithoguru.com/scientist/CHE323/Homework10_solutions.pdf]
[www.lithoguru.com/scientist/CHE323/Fourier Transforms.pdf]
[www.lithoguru.com/scientist/CHE323/Lecture43.pdf]
[www.lithoguru.com/scientist/CHE323/Lecture44.pdf]
[www.lithoguru.com/scientist/CHE323/Lecture45.pdf]
[www.lithoguru.com/scientist/CHE323/Lecture46.pdf]
[www.lithoguru.com/scientist/CHE323/Lecture47.pdf]
[www.lithoguru.com/scientist/CHE323/Lecture48.pdf]
[www.lithoguru.com/scientist/CHE323/Homework11.pdf]
[www.lithoguru.com/scientist/CHE323/Homework11_solutions.pdf]
[www.lithoguru.com/scientist/CHE323/Lecture49.pdf]
[www.lithoguru.com/scientist/CHE323/Lecture50.pdf]
[www.lithoguru.com/scientist/CHE323/Lecture51.pdf]
[www.lithoguru.com/scientist/CHE323/Lecture52.pdf]
[www.lithoguru.com/scientist/CHE323/Lecture53.pdf]
[www.lithoguru.com/scientist/CHE323/Lecture54.pdf]
[www.lithoguru.com/scientist/CHE323/Homework12.pdf]
[www.lithoguru.com/scientist/CHE323/Homework12_solutions.pdf]
[www.lithoguru.com/scientist/CHE323/Lecture55.pdf]
[www.lithoguru.com/scientist/CHE323/Lecture56.pdf]
[www.lithoguru.com/scientist/CHE323/Lecture57.pdf]
[www.lithoguru.com/scientist/CHE323/Lecture58.pdf]
[www.lithoguru.com/scientist/CHE323/Lecture59.pdf]
[www.lithoguru.com/scientist/CHE323/Lecture60.pdf]
[www.lithoguru.com/scientist/CHE323/Homework13.pdf]
[www.lithoguru.com/scientist/CHE323/Homework13_solutions.pdf]
[www.lithoguru.com/scientist/CHE323/Lecture61.pdf]
[www.lithoguru.com/scientist/CHE323/Lecture62.pdf]
[www.lithoguru.com/scientist/CHE323/Formulas 38-60.pdf]
[www.lithoguru.com/scientist/CHE323/Formulas 38-60_B&W.pdf]
[www.lithoguru.com/scientist/CHE323/Exam3_Review.pdf]
[www.lithoguru.com/scientist/CHE323/Exam3_Practice.pdf]
[www.lithoguru.com/scientist/CHE323/Lecture63.pdf]
[www.lithoguru.com/scientist/CHE323/Lecture64.pdf]
[www.lithoguru.com/scientist/CHE323/Lecture65.pdf]
[www.lithoguru.com/scientist/CHE323/Lecture66.pdf]
[www.lithoguru.com/scientist/CHE323/Lecture67.pdf]
[www.lithoguru.com/scientist/CHE323/Homework14.pdf]
[www.lithoguru.com/scientist/CHE323/Homework14_solutions.pdf]
[www.lithoguru.com/scientist/CHE323/Lecture68.pdf]
[www.lithoguru.com/scientist/CHE323/Lecture69.pdf]
[www.lithoguru.com/scientist/CHE323/Self-Assembly at All Scales_2002_Whitesides.pdf]
[www.lithoguru.com/scientist/CHE323/Exam4_Review.pdf]
[www.lithoguru.com/scientist/CHE323/Final_Practice.pdf]
[www.lithoguru.com/scientist/CHE323/Final_Practice_solutions.pdf]
[www.lithoguru.com/scientist/CHE323/Bonus Lecture1.pdf]
[www.lithoguru.com/scientist/CHE323/Bonus Lecture2.pdf]
[www.lithoguru.com/scientist/CHE323/Bonus Lecture3.pdf]
[www.lithoguru.com/scientist/CHE323/course.html]
[www.lithoguru.com/scientist/statistics/Data_Sets_1.xlsx]
[www.lithoguru.com/scientist/statistics/Data_Sets_2.xlsx]
[www.lithoguru.com/scientist/statistics/Data_Sets_3.xlsx]
[www.lithoguru.com/scientist/statistics/Data_Sets_4.xlsx]
[www.lithoguru.com/scientist/statistics/Design of Experiments.xlsx]
[www.lithoguru.com/scientist/statistics/Body Fat.xlsx]
[www.lithoguru.com/scientist/statistics/bodyfat-reduced.csv]
[www.lithoguru.com/scientist/statistics/Model Building - Used Car Value.xlsx]
[www.lithoguru.com/scientist/statistics/Introduction.pdf]
[www.lithoguru.com/scientist/statistics/Introduction demo.R]
[www.lithoguru.com/scientist/statistics/Lecture1.pdf]
[www.lithoguru.com/scientist/statistics/Example data-to-decision process.pdf]
[www.lithoguru.com/scientist/statistics/Lecture2.pdf]
[www.lithoguru.com/scientist/statistics/Lecture3.pdf]
[www.lithoguru.com/scientist/statistics/HW1_Linear Regression in Excel.pdf]
[www.lithoguru.com/scientist/statistics/HW1_Data.xls]
[www.lithoguru.com/scientist/statistics/HW1_solutions.xlsx]
[www.lithoguru.com/scientist/statistics/Lecture4.pdf]
[www.lithoguru.com/scientist/statistics/Lecture5.pdf]
[www.lithoguru.com/scientist/statistics/Lecture6.pdf]
[www.lithoguru.com/scientist/statistics/Least-Squares_Regression.pdf]
[www.lithoguru.com/scientist/statistics/descriptive statistics demo.R]
[www.lithoguru.com/scientist/statistics/Lecture7.pdf]
[www.lithoguru.com/scientist/statistics/Lecture8.pdf]
[www.lithoguru.com/scientist/statistics/Lecture9.xlsx]
[www.lithoguru.com/scientist/statistics/Lecture10.pdf]
[www.lithoguru.com/scientist/statistics/Linear Regression.R]
[www.lithoguru.com/scientist/statistics/Anscombe_Graphs in Statistical Analysis_1973.pdf]
[www.lithoguru.com/scientist/statistics/Anscombe_Data.xls]
[www.lithoguru.com/scientist/statistics/HW2_QQ Plots.pdf]
[www.lithoguru.com/scientist/statistics/HW2_solutions.xlsx]
[www.lithoguru.com/scientist/statistics/Lecture11.pdf]
[www.lithoguru.com/scientist/statistics/Lecture12.xlsx]
[www.lithoguru.com/scientist/statistics/Lecture12b.xlsx]
[www.lithoguru.com/scientist/statistics/Lecture13.pdf]
[www.lithoguru.com/scientist/statistics/Lecture14.pdf]
[www.lithoguru.com/scientist/statistics/Lecture15.xlsx]
[www.lithoguru.com/scientist/statistics/Lecture16.pdf]
[www.lithoguru.com/scientist/statistics/NBS Weight Data.csv]
[www.lithoguru.com/scientist/statistics/qqplot moment normality demo.R]
[www.lithoguru.com/scientist/statistics/Lecture17.pdf]
[www.lithoguru.com/scientist/statistics/Lecture18.pdf]
[www.lithoguru.com/scientist/statistics/Procedures for Detecting Outlying Observations in Samples_Grubbs_1969.pdf]
[www.lithoguru.com/scientist/statistics/Grubbs Test Critical Values.pdf]
[www.lithoguru.com/scientist/statistics/HW3_Moments_Outliers.pdf]
[www.lithoguru.com/scientist/statistics/HW3_solutions.xlsx]
[www.lithoguru.com/scientist/statistics/Lecture19.pdf]
[www.lithoguru.com/scientist/statistics/Lecture20.xlsx]
[www.lithoguru.com/scientist/statistics/Outliers demo.R]
[www.lithoguru.com/scientist/statistics/Lecture21.pdf]
[www.lithoguru.com/scientist/statistics/Lecture22.pdf]
[www.lithoguru.com/scientist/statistics/Flow Rate Calibration.csv]
[www.lithoguru.com/scientist/statistics/Influence demo.R]
[www.lithoguru.com/scientist/statistics/Lecture23.xlsx]
[www.lithoguru.com/scientist/statistics/Lecture24.pdf]
[www.lithoguru.com/scientist/statistics/HW4_Influence_Scedasticity.pdf]
[www.lithoguru.com/scientist/statistics/HW4_solutions.xlsx]
[www.lithoguru.com/scientist/statistics/Lecture25.xlsx]
[www.lithoguru.com/scientist/statistics/Heteroscedasticity.R]
[www.lithoguru.com/scientist/statistics/Lecture26.pdf]
[www.lithoguru.com/scientist/statistics/OLS and four Graphs.R]
[www.lithoguru.com/scientist/statistics/Box-Cox demo.R]
[www.lithoguru.com/scientist/statistics/Lecture28.pdf]
[www.lithoguru.com/scientist/statistics/Weighted regression demo.R]
[www.lithoguru.com/scientist/statistics/Lecture30.pdf]
[www.lithoguru.com/scientist/statistics/HW5_Weighted_Total_regression.pdf]
[www.lithoguru.com/scientist/statistics/HW5_solutions.xlsx]
[www.lithoguru.com/scientist/statistics/Lecture31.pdf]
[www.lithoguru.com/scientist/statistics/Lecture32.pdf]
[www.lithoguru.com/scientist/statistics/Total Regression_effective variance.R]
[www.lithoguru.com/scientist/statistics/Deming Regression.R]
[www.lithoguru.com/scientist/statistics/Lecture34.pdf]
[www.lithoguru.com/scientist/statistics/Lecture35.pdf]
[www.lithoguru.com/scientist/statistics/Regression Goodness of Fit.R]
[www.lithoguru.com/scientist/statistics/HW6_Autoregression.pdf]
[www.lithoguru.com/scientist/statistics/HW6_solutions.xlsx]
[www.lithoguru.com/scientist/statistics/Lecture37.pdf]
[www.lithoguru.com/scientist/statistics/Lecture38.xlsx]
[www.lithoguru.com/scientist/statistics/Lag plot and Runs test.R]
[www.lithoguru.com/scientist/statistics/Lecture39.pdf]
[www.lithoguru.com/scientist/statistics/Lecture40.xlsx]
[www.lithoguru.com/scientist/statistics/Durbin-Watson test.R]
[www.lithoguru.com/scientist/statistics/Durbin_Watson_tables.pdf]
[www.lithoguru.com/scientist/statistics/Lecture41.pdf]
[www.lithoguru.com/scientist/statistics/Exam1_Review.pdf]
[www.lithoguru.com/scientist/statistics/Exam1_Take Home.pdf]
[www.lithoguru.com/scientist/statistics/Exam1_In Class.pdf]
[www.lithoguru.com/scientist/statistics/Exam1_Take Home_solution.pdf]
[www.lithoguru.com/scientist/statistics/Exam1_In Class_solution.pdf]
[www.lithoguru.com/scientist/statistics/HW7_Multiple_Regression.pdf]
[www.lithoguru.com/scientist/statistics/HW7_solutions.xlsx]
[www.lithoguru.com/scientist/statistics/HW7_Multiple_Regression_solution.pdf]
[www.lithoguru.com/scientist/statistics/Lecture42.pdf]
[www.lithoguru.com/scientist/statistics/Lecture43.pdf]
[www.lithoguru.com/scientist/statistics/Lecture44.xlsx]
[www.lithoguru.com/scientist/statistics/Multiple Regression.R]
[www.lithoguru.com/scientist/statistics/Data to Decisions Writing Project.pdf]
[www.lithoguru.com/scientist/statistics/Lecture45.pdf]
[www.lithoguru.com/scientist/statistics/Best Subset Model.R]
[www.lithoguru.com/scientist/statistics/Lecture47.pdf]
[www.lithoguru.com/scientist/statistics/HW8_Multicollinearity.pdf]
[www.lithoguru.com/scientist/statistics/Modeling the solubility of aliphatic alcohols.pdf]
[www.lithoguru.com/scientist/statistics/HW8_Multicollinearity_solution.pdf]
[www.lithoguru.com/scientist/statistics/Lecture48.pdf]
[www.lithoguru.com/scientist/statistics/Lecture49.xlsx]
[www.lithoguru.com/scientist/statistics/Standardized Regression.R]
[www.lithoguru.com/scientist/statistics/Lecture50.pdf]
[www.lithoguru.com/scientist/statistics/Lecture51.pdf]
[www.lithoguru.com/scientist/statistics/Detecting Multicollinearity.R]
[www.lithoguru.com/scientist/statistics/Ridge Regression.R]
[www.lithoguru.com/scientist/statistics/Lecture53.pdf]
[www.lithoguru.com/scientist/statistics/HW9_Logistic_Regression.pdf]
[www.lithoguru.com/scientist/statistics/HW9.xlsx]
[www.lithoguru.com/scientist/statistics/HW9_Logistic_Regression_solutions.pdf]
[www.lithoguru.com/scientist/statistics/Principal Components.R]
[www.lithoguru.com/scientist/statistics/Lecture55.pdf]
[www.lithoguru.com/scientist/statistics/Lecture56.pdf]
[www.lithoguru.com/scientist/statistics/Robust Regression.R]
[www.lithoguru.com/scientist/statistics/Lecture58.pdf]
[www.lithoguru.com/scientist/statistics/Lecture59.pdf]
[www.lithoguru.com/scientist/statistics/Generalized Linear Modeling.R]
[www.lithoguru.com/scientist/statistics/Logistic Regression.R]
[www.lithoguru.com/scientist/statistics/Lecture62.pdf]
[www.lithoguru.com/scientist/statistics/Model building.R]
[www.lithoguru.com/scientist/statistics/Model Building Contest.pdf]
[www.lithoguru.com/scientist/statistics/BlackFridayTrain.csv]
[www.lithoguru.com/scientist/statistics/Model Building Contest 2018.docx]
[www.lithoguru.com/scientist/statistics/Wine Quality.csv]
[www.lithoguru.com/scientist/statistics/HW10_DOE.pdf]
[www.lithoguru.com/scientist/statistics/HW10_solutions.xlsx]
[www.lithoguru.com/scientist/statistics/HW10_DOE_solutions.pdf]
[www.lithoguru.com/scientist/statistics/Lecture64.pdf]
[www.lithoguru.com/scientist/statistics/Lecture65.pdf]
[www.lithoguru.com/scientist/statistics/DOE simple example.R]
[www.lithoguru.com/scientist/statistics/DOE Simple Example.xlsx]
[www.lithoguru.com/scientist/statistics/Lecture67.pdf]
[www.lithoguru.com/scientist/statistics/Lecture68.pdf]
[www.lithoguru.com/scientist/statistics/DOE analysis of covariance.R]
[www.lithoguru.com/scientist/statistics/DOE Analysis of Covariance.xlsx]
[www.lithoguru.com/scientist/statistics/DOE Factorial Design.R]
[www.lithoguru.com/scientist/statistics/FactorialDesign.csv]
[www.lithoguru.com/scientist/statistics/Factorial Designs.xlsx]
[www.lithoguru.com/scientist/statistics/Lecture71.pdf]
[www.lithoguru.com/scientist/statistics/Lecture72.pdf]
[www.lithoguru.com/scientist/statistics/DOE Response Surface.R]
[www.lithoguru.com/scientist/statistics/Exam2_Review.pdf]
[www.lithoguru.com/scientist/statistics/Exam2_Take Home.pdf]
[www.lithoguru.com/scientist/statistics/Lecture74.pdf]
[www.lithoguru.com/scientist/statistics/Lecture75.pdf]
[www.lithoguru.com/scientist/statistics/Lecture76.pdf]
[www.lithoguru.com/scientist/statistics/Exam2_In Class.pdf]
[www.lithoguru.com/scientist/statistics/Exam2_Take Home - Solution.pdf]
[www.lithoguru.com/scientist/statistics/Exam2_In Class - Solution.pdf]
[www.lithoguru.com/scientist/statistics/WineQuality.R]
[www.lithoguru.com/scientist/statistics/Lecture78.pdf]
[www.lithoguru.com/scientist/statistics/NIST tn1297 - Uncertainty Guidelines.pdf]
[www.lithoguru.com/scientist/statistics/Lecture79.pdf]
[www.lithoguru.com/scientist/statistics/Exam_Final.pdf]
[www.lithoguru.com/scientist/statistics/Exam_Final - Solution.pdf]
[www.lithoguru.com/scientist/statistics/course.html]
[www.lithoguru.com/images/HighResPhotos/Hobbiton 6-2012.jpg]
[www.lithoguru.com/scientist/essays/SI_Forcast_1993.pdf]
[www.lithoguru.com/scientist/essays/Industry_Observation_6-1994.pdf]
[www.lithoguru.com/scientist/essays/Industry_Observation_9-1995.pdf]
[www.lithoguru.com/scientist/papers_recent.html]
[www.lithoguru.com/images/Photos/BACUS_2002_Monterey_Bay.jpg]
[www.lithoguru.com/images/Photos/BACUS_2003_hospitality_suite.jpg]
[www.lithoguru.com/images/Photos/BACUS_2003_chinese_dancers.jpg]
[www.lithoguru.com/images/Photos/BACUS_2003_christmas_carol.jpg]
[www.lithoguru.com/images/Photos/BACUS_2003_Stuwart.jpg]
[www.lithoguru.com/images/Photos/BACUS_2003_coneheads.jpg]
[www.lithoguru.com/images/Photos/BACUS_2003_Julio&Willie.jpg]
[www.lithoguru.com/images/Photos/BACUS_2003_Ben&Tony.jpg]
[www.lithoguru.com/images/Photos/BACUS_2003_Susan&Chris_duet3.jpg]
[www.lithoguru.com/images/Photos/BACUS_2003_End_of_moores_law.jpg]
[www.lithoguru.com/images/Photos/BACUS_2003_End_of_moores_law2.jpg]
[www.lithoguru.com/images/Photos/BACUS_2003_lord_of_the_rings1.jpg]
[www.lithoguru.com/images/Photos/BACUS_2003_lord_of_the_rings2.jpg]
[www.lithoguru.com/images/Photos/BACUS_2003_lord_of_the_rings3.jpg]
[www.lithoguru.com/images/Photos/BACUS_2003_Monterey_sunrise.jpg]
[www.lithoguru.com/scientist/litho_lite/bacus2003.html]
[www.lithoguru.com/images/Photos/BACUS_2004_apprentice.jpg]
[www.lithoguru.com/images/Photos/BACUS_2004_arnold.jpg]
[www.lithoguru.com/images/Photos/BACUS_2004_harry_potter.jpg]
[www.lithoguru.com/images/Photos/BACUS_2004_harry_potter2.jpg]
[www.lithoguru.com/images/Photos/BACUS_2004_swedish_chef.jpg]
[www.lithoguru.com/images/Photos/BACUS_2004_song.jpg]
[www.lithoguru.com/images/Photos/BACUS_2004_matrix.jpg]
[www.lithoguru.com/images/Photos/BACUS_2004_matrix2.jpg]
[www.lithoguru.com/images/Photos/BACUS_2004_the_end_again.jpg]
[www.lithoguru.com/images/Photos/BACUS_2004_producers.jpg]
[www.lithoguru.com/images/Photos/BACUS_2004_producers2.jpg]
[www.lithoguru.com/images/Photos/BACUS_2004_closing_credits.jpg]
[www.lithoguru.com/scientist/litho_lite/bacus2004.html]
[www.lithoguru.com/images/Photos/BACUS_2005_banquet.jpg]
[www.lithoguru.com/images/Photos/BACUS_2005_backstage.jpg]
[www.lithoguru.com/images/Photos/BACUS_2005_marx_brothers_rehersal.jpg]
[www.lithoguru.com/images/Photos/BACUS_2005_groucho.jpg]
[www.lithoguru.com/images/Photos/BACUS_2005_npr.jpg]
[www.lithoguru.com/images/Photos/BACUS_2005_scotts.jpg]
[www.lithoguru.com/images/Photos/BACUS_2005_jim.jpg]
[www.lithoguru.com/images/Photos/BACUS_2005_jim_as_uwe.jpg]
[www.lithoguru.com/scientist/litho_lite/bacus2005.html]
[www.lithoguru.com/images/Photos/BACUS_2017_Mr.Pellicle.jpg]
[www.lithoguru.com/images/Photos/BACUS_2017_EndisNear.jpg]
[www.lithoguru.com/images/Photos/BACUS_2017_SensitivityTraining.jpg]
[www.lithoguru.com/images/Photos/BACUS_2017_PostShow.jpg]
[www.lithoguru.com/scientist/litho_lite/bacus2017.html]
[www.lithoguru.com/scientist/litho_lite/BACUS_2018_Golden_State_Theater.jpg]
[www.lithoguru.com/scientist/litho_lite/BACUS_2018_Song2.jpg]
[www.lithoguru.com/scientist/litho_lite/BACUS_2018_MaskShop.jpg]
[www.lithoguru.com/scientist/litho_lite/BACUS_2018_Song.jpg]
[www.lithoguru.com/scientist/litho_lite/BACUS_2018_Pushups.jpg]
[www.lithoguru.com/scientist/litho_lite/BACUS_2018_CountingPhotons.jpg]
[www.lithoguru.com/scientist/litho_lite/BACUS_2018_GrumpyOldLithographer.jpg]
[www.lithoguru.com/scientist/litho_lite/BACUS_2018_ChipOdyssey.jpg]
[www.lithoguru.com/scientist/litho_lite/BACUS_2018_Cast2.jpg]
[www.lithoguru.com/scientist/litho_lite/BACUS_2018_Cast.jpg]
[www.lithoguru.com/scientist/litho_lite/bacus2018.html]
[www.lithoguru.com/scientist/litho_lite/Letter_to_BACUS_2007.mp3]
[www.lithoguru.com/scientist/litho_lite/bacus2007.html]
[www.lithoguru.com/scientist/litho_lite/ausschnitt/prayer.html]
[www.lithoguru.com/scientist/litho_lite/ausschnitt/rapture.html]
[www.lithoguru.com/scientist/litho_lite/ausschnitt/cartoon1.jpg]
[www.lithoguru.com/scientist/litho_lite/ausschnitt/cartoon2.jpg]
[www.lithoguru.com/scientist/litho_lite/ausschnitt/cartoon3.jpg]
[www.lithoguru.com/scientist/litho_lite/ausschnitt/cartoon4.jpg]
[www.lithoguru.com/scientist/litho_lite/ausschnitt/cartoon5.jpg]
[www.lithoguru.com/scientist/litho_lite/ausschnitt/cartoon6.jpg]
[www.lithoguru.com/scientist/litho_lite/ausschnitt/cartoon7.jpg]
[www.lithoguru.com/scientist/litho_lite/ausschnitt/cartoon8.jpg]
[www.lithoguru.com/scientist/litho_lite/ausschnitt/cartoons.html]
[www.lithoguru.com/images/HighResPhotos/JB_1.jpg]
[www.lithoguru.com/images/HighResPhotos/JB_2.jpg]
[www.lithoguru.com/images/HighResPhotos/JB_Interface_2002.jpg]
[www.lithoguru.com/images/HighResPhotos/JB_LOTWP2001.jpg]
[www.lithoguru.com/images/HighResPhotos/JB_Office_2001.jpg]
[www.lithoguru.com/images/HighResPhotos/JB_spie2002.jpg]
[www.lithoguru.com/images/HighResPhotos/JB_SPIE2002_airport.jpg]
[www.lithoguru.com/images/HighResPhotos/JB_SPIE2002_Gordon_Biersch.jpg]
[www.lithoguru.com/images/HighResPhotos/JB_SPIE2003.jpg]
[www.lithoguru.com/images/HighResPhotos/JB_SPIE2003_poster.jpg]
[www.lithoguru.com/images/HighResPhotos/JB_Skydiving_2001.jpg]
[www.lithoguru.com/images/HighResPhotos/JB_Skydiving2_2001.jpg]
[www.lithoguru.com/scientist/Jeff_Byers_photos.html]
[www.lithoguru.com/scientist/litho_papers/Inside_PROLITH.pdf]
[www.lithoguru.com/scientist/litho_papers/1986_5_Lumped Parameter Model of Photolithographic Process.pdf]
[www.lithoguru.com/scientist/litho_papers/1987_8_Photoresist Process Optimization .pdf]
[www.lithoguru.com/scientist/litho_papers/1988_9_Dispelling Myths About Dyed Photoresist.pdf]
[www.lithoguru.com/scientist/litho_papers/1988_10_Comparison of Modeling and Experimental Results in Contrast Enhancement.pdf]
[www.lithoguru.com/scientist/litho_papers/1988_14_Lithographic Characterization of Rapid Ammonia Catalyzed.pdf]
[www.lithoguru.com/scientist/litho_papers/1991_19_Lithographic Optimization Using Photoresist Contrast.pdf]
[www.lithoguru.com/scientist/litho_papers/1991_23_Generalized Approach Toward Modeling Resist Perform.pdf]
[www.lithoguru.com/scientist/litho_papers/1993_35_Designing the Ultimate Photoresist.pdf]
[www.lithoguru.com/scientist/litho_papers/1993_36_Lithographic Performance in Thick Photoresist Applications.pdf]
[www.lithoguru.com/scientist/litho_papers/1995_41_Yield Modeling for Photolithography.pdf]
[www.lithoguru.com/scientist/litho_papers/1995_47_Comparison of Simulated Experimental CD-Limited Yield for I-Line.pdf]
[www.lithoguru.com/scientist/litho_papers/1996_52_Evaluating Proximity Effects Using 3-D Optical Lithography Simulation.pdf]
[www.lithoguru.com/scientist/litho_papers/1997_68_Impact of Developer Temperature on Dissolution Behavior.pdf]
[www.lithoguru.com/scientist/litho_papers/2015_SEM_Linescan_Model.pdf]
[www.lithoguru.com/scientist/litho_papers/2017_Analytical_Linescan_Model.pdf]
[www.lithoguru.com/scientist/litho_papers/2017_Level_Crossing_and_LER.pdf]
[www.lithoguru.com/scientist/litho_papers/2017_Overlay_Mark_Fidelity.pdf]
[www.lithoguru.com/textbook/Chapter1_Figures.ppt]
[www.lithoguru.com/textbook/Chapter2_Figures.ppt]
[www.lithoguru.com/textbook/Chapter3_Figures.ppt]
[www.lithoguru.com/textbook/Chapter4_Figures.ppt]
[www.lithoguru.com/textbook/Chapter5_Figures.ppt]
[www.lithoguru.com/textbook/Chapter6_Figures.ppt]
[www.lithoguru.com/textbook/Chapter7_Figures.ppt]
[www.lithoguru.com/textbook/Chapter8_Figures.ppt]
[www.lithoguru.com/textbook/Chapter9_Figures.ppt]
[www.lithoguru.com/textbook/Chapter10_Figures.ppt]
[www.lithoguru.com/textbook/figures.html]
[www.lithoguru.com/textbook/Lab_Manual.pdf]
[www.lithoguru.com/scientist/CHE323/Deal-Grove_Data_Sheet.pdf]
[www.lithoguru.com/scientist/CHE323/Exam1_formulas_data_constants.pdf]
[www.lithoguru.com/scientist/litho_lite/Scenes from the Bacus 2017 entertainment.html]
[www.lithoguru.com/scientist/litho_lite/Scenes from the Bacus 2018 entertainment.html]
